apps/open-swe/node_modules/@typescript-eslint/utils/dist/ts-eslint/SourceCode.d.ts(315,130): error TS1005: '?' expected.
node_modules/@langchain/langgraph/dist/graph/zod/zod-registry.d.ts(26,27): error TS1005: ',' expected.
node_modules/@langchain/langgraph/dist/graph/zod/zod-registry.d.ts(26,49): error TS1005: ',' expected.
node_modules/@langchain/langgraph/dist/graph/zod/zod-registry.d.ts(26,70): error TS1005: ',' expected.
node_modules/@langchain/langgraph/dist/graph/zod/zod-registry.d.ts(31,31): error TS1005: ',' expected.
node_modules/@langchain/langgraph/dist/graph/zod/zod-registry.d.ts(31,53): error TS1005: ',' expected.
node_modules/@langchain/langgraph/dist/graph/zod/zod-registry.d.ts(31,74): error TS1005: ',' expected.
node_modules/@langchain/langgraph/dist/managed/base.d.ts(21,29): error TS1005: ';' expected.
node_modules/@langchain/langgraph/dist/managed/base.d.ts(21,36): error TS1005: '(' expected.
node_modules/@langchain/langgraph/dist/prebuilt/react_agent_executor.d.ts(176,447): error TS1005: '>' expected.
node_modules/@langchain/langgraph/dist/prebuilt/react_agent_executor.d.ts(176,473): error TS1109: Expression expected.
node_modules/@langchain/langgraph/dist/prebuilt/react_agent_executor.d.ts(176,513): error TS1109: Expression expected.
node_modules/@langchain/langgraph/dist/pregel/types.d.ts(43,401): error TS1005: '?' expected.
node_modules/@langchain/langgraph/dist/pregel/types.d.ts(43,409): error TS1005: ':' expected.
node_modules/@langchain/langgraph/dist/pregel/types.d.ts(43,420): error TS1005: ';' expected.
node_modules/@langchain/langgraph/dist/pregel/types.d.ts(43,441): error TS1005: ';' expected.
node_modules/@langchain/langgraph/dist/pregel/types.d.ts(44,21): error TS1011: An element access expression should take an argument.
node_modules/@langchain/langgraph/dist/pregel/types.d.ts(44,47): error TS1005: ',' expected.
node_modules/@langchain/langgraph/dist/pregel/types.d.ts(46,16): error TS1011: An element access expression should take an argument.
node_modules/@langchain/langgraph/dist/pregel/types.d.ts(49,5): error TS1005: '(' expected.
node_modules/@langchain/langgraph/dist/pregel/types.d.ts(49,6): error TS1005: ',' expected.
node_modules/@langchain/langgraph/dist/pregel/types.d.ts(50,23): error TS1011: An element access expression should take an argument.
node_modules/@langchain/langgraph/dist/pregel/types.d.ts(50,58): error TS1005: ',' expected.
node_modules/@langchain/langgraph/dist/pregel/types.d.ts(51,21): error TS1011: An element access expression should take an argument.
node_modules/@langchain/langgraph/dist/pregel/types.d.ts(51,53): error TS1005: ',' expected.
node_modules/@langchain/langgraph/dist/pregel/types.d.ts(53,16): error TS1011: An element access expression should take an argument.
node_modules/@langchain/langgraph/dist/pregel/types.d.ts(56,5): error TS1005: '(' expected.
node_modules/@langchain/langgraph/dist/pregel/types.d.ts(56,6): error TS1005: ',' expected.
node_modules/@langchain/langgraph/dist/pregel/types.d.ts(58,16): error TS1011: An element access expression should take an argument.
node_modules/@langchain/langgraph/dist/pregel/types.d.ts(61,5): error TS1005: '(' expected.
node_modules/@langchain/langgraph/dist/pregel/types.d.ts(61,6): error TS1005: ',' expected.
node_modules/@langchain/langgraph/dist/pregel/types.d.ts(62,20): error TS1011: An element access expression should take an argument.
node_modules/@langchain/langgraph/dist/pregel/types.d.ts(62,50): error TS1005: ',' expected.
node_modules/@langchain/langgraph/dist/pregel/types.d.ts(64,37): error TS1005: ',' expected.
node_modules/@langchain/langgraph/dist/pregel/types.d.ts(68,5): error TS1005: '(' expected.
node_modules/@langchain/langgraph/dist/pregel/types.d.ts(68,6): error TS1005: ',' expected.
node_modules/@langchain/langgraph/dist/pregel/types.d.ts(69,48): error TS1005: ',' expected.
node_modules/@langchain/langgraph/dist/pregel/types.d.ts(70,43): error TS1005: ',' expected.
node_modules/@langchain/langgraph/dist/pregel/types.d.ts(71,71): error TS1005: '(' expected.
node_modules/@langchain/langgraph/dist/pregel/types.d.ts(71,72): error TS1005: ',' expected.
node_modules/@langchain/langgraph/dist/pregel/types.d.ts(72,75): error TS1005: '(' expected.
node_modules/@langchain/langgraph/dist/pregel/types.d.ts(72,76): error TS1005: ',' expected.
node_modules/@langchain/langgraph/dist/pregel/types.d.ts(73,40): error TS1005: ',' expected.
node_modules/@langchain/langgraph/dist/pregel/types.d.ts(74,13): error TS1005: ';' expected.
node_modules/@langchain/langgraph/dist/pregel/types.d.ts(74,26): error TS1005: ')' expected.
node_modules/@langchain/langgraph/dist/pregel/types.d.ts(74,79): error TS1005: ';' expected.
node_modules/@langchain/langgraph/dist/pregel/types.d.ts(74,81): error TS1128: Declaration or statement expected.
node_modules/@langchain/langgraph/dist/pregel/types.d.ts(74,89): error TS1434: Unexpected keyword or identifier.
node_modules/@langchain/langgraph/dist/pregel/types.d.ts(74,95): error TS1434: Unexpected keyword or identifier.
node_modules/@langchain/langgraph/dist/pregel/types.d.ts(74,102): error TS1128: Declaration or statement expected.
node_modules/@langchain/langgraph/dist/pregel/types.d.ts(74,142): error TS1005: ':' expected.
node_modules/@langchain/langgraph/dist/pregel/types.d.ts(75,21): error TS1011: An element access expression should take an argument.
node_modules/@langchain/langgraph/dist/pregel/types.d.ts(75,37): error TS1005: ',' expected.
node_modules/@langchain/langgraph/dist/pregel/types.d.ts(77,16): error TS1011: An element access expression should take an argument.
node_modules/@langchain/langgraph/dist/pregel/types.d.ts(79,5): error TS1005: '(' expected.
node_modules/@langchain/langgraph/dist/pregel/types.d.ts(79,6): error TS1005: ',' expected.
node_modules/@langchain/langgraph/dist/pregel/types.d.ts(80,23): error TS1011: An element access expression should take an argument.
node_modules/@langchain/langgraph/dist/pregel/types.d.ts(80,46): error TS1005: ',' expected.
node_modules/@langchain/langgraph/dist/pregel/types.d.ts(81,21): error TS1011: An element access expression should take an argument.
node_modules/@langchain/langgraph/dist/pregel/types.d.ts(81,43): error TS1005: ',' expected.
node_modules/@langchain/langgraph/dist/pregel/types.d.ts(82,26): error TS1011: An element access expression should take an argument.
node_modules/@langchain/langgraph/dist/pregel/types.d.ts(82,66): error TS1005: '(' expected.
node_modules/@langchain/langgraph/dist/pregel/types.d.ts(82,67): error TS1005: ',' expected.
node_modules/@langchain/langgraph/dist/pregel/types.d.ts(84,16): error TS1011: An element access expression should take an argument.
node_modules/@langchain/langgraph/dist/pregel/types.d.ts(86,5): error TS1005: '(' expected.
node_modules/@langchain/langgraph/dist/pregel/types.d.ts(86,6): error TS1005: ',' expected.
node_modules/@langchain/langgraph/dist/pregel/types.d.ts(87,20): error TS1011: An element access expression should take an argument.
node_modules/@langchain/langgraph/dist/pregel/types.d.ts(87,41): error TS1005: ',' expected.
node_modules/@langchain/langgraph/dist/pregel/types.d.ts(89,25): error TS1005: ',' expected.
node_modules/@langchain/langgraph/dist/pregel/types.d.ts(90,74): error TS1005: '(' expected.
node_modules/@langchain/langgraph/dist/pregel/types.d.ts(91,34): error TS1005: ',' expected.
node_modules/@langchain/langgraph/dist/pregel/types.d.ts(92,31): error TS1005: ',' expected.
node_modules/@langchain/langgraph/dist/pregel/types.d.ts(93,55): error TS1005: '(' expected.
node_modules/@langchain/langgraph/dist/pregel/types.d.ts(94,65): error TS1005: '(' expected.
node_modules/@langchain/langgraph/dist/pregel/types.d.ts(95,29): error TS1005: ',' expected.
node_modules/@langchain/langgraph/dist/pregel/types.d.ts(96,11): error TS1005: ';' expected.
node_modules/@types/lodash/common/common.d.ts(266,65): error TS1005: '?' expected.
node_modules/@types/lodash/common/object.d.ts(1026,46): error TS1005: '?' expected.
node_modules/@types/lodash/common/object.d.ts(1031,46): error TS1005: '?' expected.
node_modules/@types/lodash/common/object.d.ts(1041,46): error TS1005: '?' expected.
node_modules/@types/node/http.d.ts(241,47): error TS1005: ',' expected.
node_modules/@types/node/http.d.ts(241,71): error TS1109: Expression expected.
node_modules/@types/node/http.d.ts(242,5): error TS1109: Expression expected.
node_modules/@types/node/http.d.ts(246,46): error TS1005: ',' expected.
node_modules/@types/node/http.d.ts(250,46): error TS1005: ',' expected.
node_modules/@types/node/http.d.ts(257,44): error TS1005: ',' expected.
node_modules/@types/node/http.d.ts(263,39): error TS1005: ',' expected.
node_modules/@types/node/http.d.ts(271,46): error TS1005: ',' expected.
node_modules/@types/node/http.d.ts(276,57): error TS1005: ',' expected.
node_modules/@types/node/http.d.ts(283,44): error TS1005: ',' expected.
node_modules/@types/node/http.d.ts(290,43): error TS1005: ',' expected.
node_modules/@types/node/http.d.ts(297,49): error TS1005: ',' expected.
node_modules/@types/node/http.d.ts(304,43): error TS1005: ',' expected.
node_modules/@types/node/http.d.ts(310,38): error TS1005: ',' expected.
node_modules/@types/node/http.d.ts(317,48): error TS1005: ',' expected.
node_modules/@types/node/http.d.ts(324,40): error TS1005: ',' expected.
node_modules/@types/node/http.d.ts(330,51): error TS1005: ',' expected.
node_modules/@types/node/http.d.ts(335,50): error TS1005: '(' expected.
node_modules/@types/node/http.d.ts(335,61): error TS1005: ')' expected.
node_modules/@types/node/http.d.ts(341,58): error TS1005: ',' expected.
node_modules/@types/node/http.d.ts(345,47): error TS1005: ',' expected.
node_modules/@types/node/http.d.ts(345,60): error TS1005: ',' expected.
node_modules/@types/node/http.d.ts(345,69): error TS1005: '(' expected.
node_modules/@types/node/http.d.ts(345,71): error TS1109: Expression expected.
node_modules/@types/node/http.d.ts(346,5): error TS1109: Expression expected.
node_modules/@types/node/http.d.ts(346,7): error TS1109: Expression expected.
node_modules/@types/node/http.d.ts(346,107): error TS1109: Expression expected.
node_modules/@types/node/http.d.ts(352,47): error TS1005: ',' expected.
node_modules/@types/node/http.d.ts(352,71): error TS1109: Expression expected.
node_modules/@types/node/http.d.ts(353,5): error TS1109: Expression expected.
node_modules/@types/node/http.d.ts(353,7): error TS1109: Expression expected.
node_modules/@types/node/http.d.ts(353,15): error TS1434: Unexpected keyword or identifier.
node_modules/@types/node/http.d.ts(354,37): error TS1109: Expression expected.
node_modules/@types/node/http.d.ts(354,73): error TS1005: '(' expected.
node_modules/@types/node/http.d.ts(354,74): error TS1005: ')' expected.
node_modules/@types/node/http.d.ts(355,28): error TS1005: ',' expected.
node_modules/@types/node/http.d.ts(355,62): error TS1109: Expression expected.
node_modules/@types/node/http.d.ts(355,80): error TS1109: Expression expected.
node_modules/@types/node/http.d.ts(355,116): error TS1005: '(' expected.
node_modules/@types/node/http.d.ts(355,117): error TS1005: ')' expected.
node_modules/@types/node/http.d.ts(370,26): error TS1109: Expression expected.
node_modules/@types/node/http.d.ts(370,45): error TS1109: Expression expected.
node_modules/@types/node/http.d.ts(370,71): error TS1109: Expression expected.
node_modules/@types/node/http.d.ts(370,72): error TS1005: ';' expected.
node_modules/@types/node/http.d.ts(371,28): error TS1005: ',' expected.
node_modules/@types/node/http.d.ts(371,54): error TS1109: Expression expected.
node_modules/@types/node/http.d.ts(371,55): error TS1005: ';' expected.
node_modules/@types/node/http.d.ts(446,30): error TS1005: ';' expected.
node_modules/@types/node/http.d.ts(446,36): error TS1109: Expression expected.
node_modules/@types/node/http.d.ts(452,31): error TS1005: ';' expected.
node_modules/@types/node/http.d.ts(452,37): error TS1109: Expression expected.
node_modules/@types/node/http.d.ts(453,26): error TS1005: ',' expected.
node_modules/@types/node/http.d.ts(453,44): error TS1005: ',' expected.
node_modules/@types/node/http.d.ts(453,70): error TS1109: Expression expected.
node_modules/@types/node/http.d.ts(453,71): error TS1005: ';' expected.
node_modules/@types/node/http.d.ts(454,26): error TS1005: ',' expected.
node_modules/@types/node/http.d.ts(454,45): error TS1005: ',' expected.
node_modules/@types/node/http.d.ts(454,57): error TS1109: Expression expected.
node_modules/@types/node/http.d.ts(454,58): error TS1005: ';' expected.
node_modules/@types/node/http.d.ts(455,26): error TS1005: ',' expected.
node_modules/@types/node/http.d.ts(455,50): error TS1005: ',' expected.
node_modules/@types/node/http.d.ts(455,76): error TS1109: Expression expected.
node_modules/@types/node/http.d.ts(455,77): error TS1005: ';' expected.
node_modules/@types/node/http.d.ts(456,26): error TS1005: ',' expected.
node_modules/@types/node/http.d.ts(456,45): error TS1005: ',' expected.
node_modules/@types/node/http.d.ts(456,67): error TS1109: Expression expected.
node_modules/@types/node/http.d.ts(456,68): error TS1005: ';' expected.
node_modules/@types/node/http.d.ts(457,26): error TS1005: ',' expected.
node_modules/@types/node/http.d.ts(457,49): error TS1005: ',' expected.
node_modules/@types/node/http.d.ts(457,61): error TS1109: Expression expected.
node_modules/@types/node/http.d.ts(457,62): error TS1005: ';' expected.
node_modules/@types/node/http.d.ts(458,26): error TS1005: ',' expected.
node_modules/@types/node/http.d.ts(458,53): error TS1005: ',' expected.
node_modules/@types/node/http.d.ts(458,89): error TS1005: '(' expected.
node_modules/@types/node/http.d.ts(458,90): error TS1005: ',' expected.
node_modules/@types/node/http.d.ts(458,96): error TS1005: ')' expected.
node_modules/@types/node/http.d.ts(459,26): error TS1005: ',' expected.
node_modules/@types/node/http.d.ts(459,56): error TS1005: ',' expected.
node_modules/@types/node/http.d.ts(459,92): error TS1005: '(' expected.
node_modules/@types/node/http.d.ts(459,93): error TS1005: ',' expected.
node_modules/@types/node/http.d.ts(459,99): error TS1005: ')' expected.
node_modules/@types/node/http.d.ts(460,26): error TS1005: ',' expected.
node_modules/@types/node/http.d.ts(460,51): error TS1005: ',' expected.
node_modules/@types/node/http.d.ts(460,96): error TS1109: Expression expected.
node_modules/@types/node/http.d.ts(460,97): error TS1005: ';' expected.
node_modules/@types/node/http.d.ts(462,18): error TS1005: ',' expected.
node_modules/@types/node/http.d.ts(463,21): error TS1005: ',' expected.
node_modules/@types/node/http.d.ts(463,96): error TS1109: Expression expected.
node_modules/@types/node/http.d.ts(464,10): error TS1005: ';' expected.
node_modules/@types/node/http.d.ts(465,26): error TS1005: ',' expected.
node_modules/@types/node/http.d.ts(465,51): error TS1005: ',' expected.
node_modules/@types/node/http.d.ts(465,112): error TS1109: Expression expected.
node_modules/@types/node/http.d.ts(465,113): error TS1005: ';' expected.
node_modules/@types/node/http.d.ts(466,26): error TS1005: ',' expected.
node_modules/@types/node/http.d.ts(466,47): error TS1005: ',' expected.
node_modules/@types/node/http.d.ts(466,83): error TS1005: '(' expected.
node_modules/@types/node/http.d.ts(466,84): error TS1005: ',' expected.
node_modules/@types/node/http.d.ts(466,90): error TS1005: ')' expected.
node_modules/@types/node/http.d.ts(468,18): error TS1005: ',' expected.
node_modules/@types/node/http.d.ts(469,21): error TS1005: ',' expected.
node_modules/@types/node/http.d.ts(469,96): error TS1109: Expression expected.
node_modules/@types/node/http.d.ts(470,10): error TS1005: ';' expected.
node_modules/@types/node/http.d.ts(471,19): error TS1005: ',' expected.
node_modules/@types/node/http.d.ts(471,36): error TS1005: ',' expected.
node_modules/@types/node/http.d.ts(471,42): error TS1011: An element access expression should take an argument.
node_modules/@types/node/http.d.ts(471,44): error TS1005: ';' expected.
node_modules/@types/node/http.d.ts(472,19): error TS1005: ',' expected.
node_modules/@types/node/http.d.ts(472,29): error TS1005: ';' expected.
node_modules/@types/node/http.d.ts(473,19): error TS1005: ',' expected.
node_modules/@types/node/http.d.ts(473,41): error TS1005: ',' expected.
node_modules/@types/node/http.d.ts(473,50): error TS1005: ';' expected.
node_modules/@types/node/http.d.ts(474,19): error TS1005: ',' expected.
node_modules/@types/node/http.d.ts(474,33): error TS1005: ',' expected.
node_modules/@types/node/http.d.ts(474,41): error TS1005: ';' expected.
node_modules/@types/node/http.d.ts(475,19): error TS1005: ',' expected.
node_modules/@types/node/http.d.ts(475,33): error TS1005: ';' expected.
node_modules/@types/node/http.d.ts(477,18): error TS1005: ',' expected.
node_modules/@types/node/http.d.ts(478,16): error TS1005: ',' expected.
node_modules/@types/node/http.d.ts(478,39): error TS1109: Expression expected.
node_modules/@types/node/http.d.ts(479,16): error TS1005: ',' expected.
node_modules/@types/node/http.d.ts(479,41): error TS1005: '(' expected.
node_modules/@types/node/http.d.ts(479,72): error TS1005: '(' expected.
node_modules/@types/node/http.d.ts(480,10): error TS1005: ',' expected.
node_modules/@types/node/http.d.ts(480,19): error TS1005: ')' expected.
node_modules/@types/node/http.d.ts(482,18): error TS1005: ',' expected.
node_modules/@types/node/http.d.ts(483,16): error TS1005: ',' expected.
node_modules/@types/node/http.d.ts(483,39): error TS1109: Expression expected.
node_modules/@types/node/http.d.ts(484,16): error TS1005: ',' expected.
node_modules/@types/node/http.d.ts(484,41): error TS1005: '(' expected.
node_modules/@types/node/http.d.ts(484,72): error TS1005: '(' expected.
node_modules/@types/node/http.d.ts(485,10): error TS1005: ',' expected.
node_modules/@types/node/http.d.ts(485,19): error TS1005: ')' expected.
node_modules/@types/node/http.d.ts(486,19): error TS1005: ',' expected.
node_modules/@types/node/http.d.ts(486,39): error TS1005: ',' expected.
node_modules/@types/node/http.d.ts(486,54): error TS1005: ',' expected.
node_modules/@types/node/http.d.ts(486,70): error TS1005: ';' expected.
node_modules/@types/node/http.d.ts(487,19): error TS1005: ',' expected.
node_modules/@types/node/http.d.ts(487,35): error TS1005: ',' expected.
node_modules/@types/node/http.d.ts(487,58): error TS1109: Expression expected.
node_modules/@types/node/http.d.ts(487,66): error TS1005: ',' expected.
node_modules/@types/node/http.d.ts(487,87): error TS1005: ',' expected.
node_modules/@types/node/http.d.ts(487,96): error TS1005: ';' expected.
node_modules/@types/node/http.d.ts(488,19): error TS1005: ',' expected.
node_modules/@types/node/http.d.ts(488,39): error TS1005: ',' expected.
node_modules/@types/node/http.d.ts(488,62): error TS1109: Expression expected.
node_modules/@types/node/http.d.ts(488,70): error TS1005: ',' expected.
node_modules/@types/node/http.d.ts(488,86): error TS1005: ';' expected.
node_modules/@types/node/http.d.ts(490,18): error TS1005: ',' expected.
node_modules/@types/node/http.d.ts(491,16): error TS1005: ',' expected.
node_modules/@types/node/http.d.ts(491,39): error TS1109: Expression expected.
node_modules/@types/node/http.d.ts(492,16): error TS1005: ',' expected.
node_modules/@types/node/http.d.ts(492,41): error TS1005: '(' expected.
node_modules/@types/node/http.d.ts(492,72): error TS1005: '(' expected.
node_modules/@types/node/http.d.ts(493,10): error TS1005: ',' expected.
node_modules/@types/node/http.d.ts(493,19): error TS1005: ')' expected.
node_modules/@types/node/http.d.ts(494,19): error TS1005: ',' expected.
node_modules/@types/node/http.d.ts(494,35): error TS1005: ',' expected.
node_modules/@types/node/http.d.ts(494,58): error TS1109: Expression expected.
node_modules/@types/node/http.d.ts(494,66): error TS1005: ',' expected.
node_modules/@types/node/http.d.ts(494,87): error TS1005: ',' expected.
node_modules/@types/node/http.d.ts(494,96): error TS1005: ';' expected.
node_modules/@types/node/http.d.ts(495,17): error TS1005: ',' expected.
node_modules/@types/node/http.d.ts(495,35): error TS1005: ',' expected.
node_modules/@types/node/http.d.ts(495,61): error TS1109: Expression expected.
node_modules/@types/node/http.d.ts(495,62): error TS1005: ';' expected.
node_modules/@types/node/http.d.ts(496,17): error TS1005: ',' expected.
node_modules/@types/node/http.d.ts(496,36): error TS1005: ',' expected.
node_modules/@types/node/http.d.ts(496,48): error TS1109: Expression expected.
node_modules/@types/node/http.d.ts(496,49): error TS1005: ';' expected.
node_modules/@types/node/http.d.ts(497,17): error TS1005: ',' expected.
node_modules/@types/node/http.d.ts(497,41): error TS1005: ',' expected.
node_modules/@types/node/http.d.ts(497,67): error TS1109: Expression expected.
node_modules/@types/node/http.d.ts(497,68): error TS1005: ';' expected.
node_modules/@types/node/http.d.ts(498,17): error TS1005: ',' expected.
node_modules/@types/node/http.d.ts(498,36): error TS1005: ',' expected.
node_modules/@types/node/http.d.ts(498,58): error TS1109: Expression expected.
node_modules/@types/node/http.d.ts(498,59): error TS1005: ';' expected.
node_modules/@types/node/http.d.ts(499,17): error TS1005: ',' expected.
node_modules/@types/node/http.d.ts(499,40): error TS1005: ',' expected.
node_modules/@types/node/http.d.ts(499,52): error TS1109: Expression expected.
node_modules/@types/node/http.d.ts(499,53): error TS1005: ';' expected.
node_modules/@types/node/http.d.ts(500,17): error TS1005: ',' expected.
node_modules/@types/node/http.d.ts(500,44): error TS1005: ',' expected.
node_modules/@types/node/http.d.ts(500,80): error TS1005: '(' expected.
node_modules/@types/node/http.d.ts(500,81): error TS1005: ',' expected.
node_modules/@types/node/http.d.ts(500,87): error TS1005: ')' expected.
node_modules/@types/node/http.d.ts(501,17): error TS1005: ',' expected.
node_modules/@types/node/http.d.ts(501,47): error TS1005: ',' expected.
node_modules/@types/node/http.d.ts(501,83): error TS1005: '(' expected.
node_modules/@types/node/http.d.ts(501,84): error TS1005: ',' expected.
node_modules/@types/node/http.d.ts(501,90): error TS1005: ')' expected.
node_modules/@types/node/http.d.ts(502,17): error TS1005: ',' expected.
node_modules/@types/node/http.d.ts(502,42): error TS1005: ',' expected.
node_modules/@types/node/http.d.ts(502,87): error TS1109: Expression expected.
node_modules/@types/node/http.d.ts(502,88): error TS1005: ';' expected.
node_modules/@types/node/http.d.ts(503,17): error TS1005: ',' expected.
node_modules/@types/node/http.d.ts(503,38): error TS1005: ',' expected.
node_modules/@types/node/http.d.ts(503,113): error TS1109: Expression expected.
node_modules/@types/node/http.d.ts(503,114): error TS1005: ';' expected.
node_modules/@types/node/http.d.ts(504,17): error TS1005: ',' expected.
node_modules/@types/node/http.d.ts(504,42): error TS1005: ',' expected.
node_modules/@types/node/http.d.ts(504,103): error TS1109: Expression expected.
node_modules/@types/node/http.d.ts(504,104): error TS1005: ';' expected.
node_modules/@types/node/http.d.ts(505,17): error TS1005: ',' expected.
node_modules/@types/node/http.d.ts(505,38): error TS1005: ',' expected.
node_modules/@types/node/http.d.ts(505,74): error TS1005: '(' expected.
node_modules/@types/node/http.d.ts(505,75): error TS1005: ',' expected.
node_modules/@types/node/http.d.ts(505,81): error TS1005: ')' expected.
node_modules/@types/node/http.d.ts(506,17): error TS1005: ',' expected.
node_modules/@types/node/http.d.ts(506,38): error TS1005: ',' expected.
node_modules/@types/node/http.d.ts(506,113): error TS1109: Expression expected.
node_modules/@types/node/http.d.ts(506,114): error TS1005: ';' expected.
node_modules/@types/node/http.d.ts(507,19): error TS1005: ',' expected.
node_modules/@types/node/http.d.ts(507,37): error TS1005: ',' expected.
node_modules/@types/node/http.d.ts(507,63): error TS1109: Expression expected.
node_modules/@types/node/http.d.ts(507,64): error TS1005: ';' expected.
node_modules/@types/node/http.d.ts(508,19): error TS1005: ',' expected.
node_modules/@types/node/http.d.ts(508,38): error TS1005: ',' expected.
node_modules/@types/node/http.d.ts(508,50): error TS1109: Expression expected.
node_modules/@types/node/http.d.ts(508,51): error TS1005: ';' expected.
node_modules/@types/node/http.d.ts(509,19): error TS1005: ',' expected.
node_modules/@types/node/http.d.ts(509,43): error TS1005: ',' expected.
node_modules/@types/node/http.d.ts(509,69): error TS1109: Expression expected.
node_modules/@types/node/http.d.ts(509,70): error TS1005: ';' expected.
node_modules/@types/node/http.d.ts(510,19): error TS1005: ',' expected.
node_modules/@types/node/http.d.ts(510,38): error TS1005: ',' expected.
node_modules/@types/node/http.d.ts(510,60): error TS1109: Expression expected.
node_modules/@types/node/http.d.ts(510,61): error TS1005: ';' expected.
node_modules/@types/node/http.d.ts(511,19): error TS1005: ',' expected.
node_modules/@types/node/http.d.ts(511,42): error TS1005: ',' expected.
node_modules/@types/node/http.d.ts(511,54): error TS1109: Expression expected.
node_modules/@types/node/http.d.ts(511,55): error TS1005: ';' expected.
node_modules/@types/node/http.d.ts(512,19): error TS1005: ',' expected.
node_modules/@types/node/http.d.ts(512,46): error TS1005: ',' expected.
node_modules/@types/node/http.d.ts(512,82): error TS1005: '(' expected.
node_modules/@types/node/http.d.ts(512,83): error TS1005: ',' expected.
node_modules/@types/node/http.d.ts(512,89): error TS1005: ')' expected.
node_modules/@types/node/http.d.ts(513,19): error TS1005: ',' expected.
node_modules/@types/node/http.d.ts(513,49): error TS1005: ',' expected.
node_modules/@types/node/http.d.ts(513,85): error TS1005: '(' expected.
node_modules/@types/node/http.d.ts(513,86): error TS1005: ',' expected.
node_modules/@types/node/http.d.ts(513,92): error TS1005: ')' expected.
node_modules/@types/node/http.d.ts(514,19): error TS1005: ',' expected.
node_modules/@types/node/http.d.ts(514,44): error TS1005: ',' expected.
node_modules/@types/node/http.d.ts(514,89): error TS1109: Expression expected.
node_modules/@types/node/http.d.ts(514,90): error TS1005: ';' expected.
node_modules/@types/node/http.d.ts(516,18): error TS1005: ',' expected.
node_modules/@types/node/http.d.ts(517,21): error TS1005: ',' expected.
node_modules/@types/node/http.d.ts(517,96): error TS1109: Expression expected.
node_modules/@types/node/http.d.ts(518,10): error TS1005: ';' expected.
node_modules/@types/node/http.d.ts(519,19): error TS1005: ',' expected.
node_modules/@types/node/http.d.ts(519,44): error TS1005: ',' expected.
node_modules/@types/node/http.d.ts(519,105): error TS1109: Expression expected.
node_modules/@types/node/http.d.ts(519,106): error TS1005: ';' expected.
node_modules/@types/node/http.d.ts(520,19): error TS1005: ',' expected.
node_modules/@types/node/http.d.ts(520,40): error TS1005: ',' expected.
node_modules/@types/node/http.d.ts(520,76): error TS1005: '(' expected.
node_modules/@types/node/http.d.ts(520,77): error TS1005: ',' expected.
node_modules/@types/node/http.d.ts(520,83): error TS1005: ')' expected.
node_modules/@types/node/http.d.ts(522,18): error TS1005: ',' expected.
node_modules/@types/node/http.d.ts(523,21): error TS1005: ',' expected.
node_modules/@types/node/http.d.ts(523,96): error TS1109: Expression expected.
node_modules/@types/node/http.d.ts(524,10): error TS1005: ';' expected.
node_modules/@types/node/http.d.ts(525,30): error TS1005: ',' expected.
node_modules/@types/node/http.d.ts(525,48): error TS1005: ',' expected.
node_modules/@types/node/http.d.ts(525,74): error TS1109: Expression expected.
node_modules/@types/node/http.d.ts(525,75): error TS1005: ';' expected.
node_modules/@types/node/http.d.ts(526,30): error TS1005: ',' expected.
node_modules/@types/node/http.d.ts(526,49): error TS1005: ',' expected.
node_modules/@types/node/http.d.ts(526,61): error TS1109: Expression expected.
node_modules/@types/node/http.d.ts(526,62): error TS1005: ';' expected.
node_modules/@types/node/http.d.ts(527,30): error TS1005: ',' expected.
node_modules/@types/node/http.d.ts(527,54): error TS1005: ',' expected.
node_modules/@types/node/http.d.ts(527,80): error TS1109: Expression expected.
node_modules/@types/node/http.d.ts(527,81): error TS1005: ';' expected.
node_modules/@types/node/http.d.ts(528,30): error TS1005: ',' expected.
node_modules/@types/node/http.d.ts(528,49): error TS1005: ',' expected.
node_modules/@types/node/http.d.ts(528,71): error TS1109: Expression expected.
node_modules/@types/node/http.d.ts(528,72): error TS1005: ';' expected.
node_modules/@types/node/http.d.ts(529,30): error TS1005: ',' expected.
node_modules/@types/node/http.d.ts(529,53): error TS1005: ',' expected.
node_modules/@types/node/http.d.ts(529,65): error TS1109: Expression expected.
node_modules/@types/node/http.d.ts(529,66): error TS1005: ';' expected.
node_modules/@types/node/http.d.ts(530,30): error TS1005: ',' expected.
node_modules/@types/node/http.d.ts(530,57): error TS1005: ',' expected.
node_modules/@types/node/http.d.ts(530,93): error TS1005: '(' expected.
node_modules/@types/node/http.d.ts(530,94): error TS1005: ',' expected.
node_modules/@types/node/http.d.ts(530,100): error TS1005: ')' expected.
node_modules/@types/node/http.d.ts(531,30): error TS1005: ',' expected.
node_modules/@types/node/http.d.ts(531,60): error TS1005: ',' expected.
node_modules/@types/node/http.d.ts(531,96): error TS1005: '(' expected.
node_modules/@types/node/http.d.ts(531,97): error TS1005: ',' expected.
node_modules/@types/node/http.d.ts(531,103): error TS1005: ')' expected.
node_modules/@types/node/http.d.ts(532,30): error TS1005: ',' expected.
node_modules/@types/node/http.d.ts(532,55): error TS1005: ',' expected.
node_modules/@types/node/http.d.ts(532,100): error TS1109: Expression expected.
node_modules/@types/node/http.d.ts(532,101): error TS1005: ';' expected.
node_modules/@types/node/http.d.ts(534,18): error TS1005: ',' expected.
node_modules/@types/node/http.d.ts(535,21): error TS1005: ',' expected.
node_modules/@types/node/http.d.ts(535,96): error TS1109: Expression expected.
node_modules/@types/node/http.d.ts(536,10): error TS1005: ';' expected.
node_modules/@types/node/http.d.ts(538,18): error TS1005: ',' expected.
node_modules/@types/node/http.d.ts(539,21): error TS1005: ',' expected.
node_modules/@types/node/http.d.ts(539,82): error TS1109: Expression expected.
node_modules/@types/node/http.d.ts(540,10): error TS1005: ';' expected.
node_modules/@types/node/http.d.ts(541,30): error TS1005: ',' expected.
node_modules/@types/node/http.d.ts(541,51): error TS1005: ',' expected.
node_modules/@types/node/http.d.ts(541,87): error TS1005: '(' expected.
node_modules/@types/node/http.d.ts(541,88): error TS1005: ',' expected.
node_modules/@types/node/http.d.ts(541,94): error TS1005: ')' expected.
node_modules/@types/node/http.d.ts(543,18): error TS1005: ',' expected.
node_modules/@types/node/http.d.ts(544,21): error TS1005: ',' expected.
node_modules/@types/node/http.d.ts(544,96): error TS1109: Expression expected.
node_modules/@types/node/http.d.ts(545,10): error TS1005: ';' expected.
node_modules/@types/node/http.d.ts(546,34): error TS1005: ',' expected.
node_modules/@types/node/http.d.ts(546,52): error TS1005: ',' expected.
node_modules/@types/node/http.d.ts(546,78): error TS1109: Expression expected.
node_modules/@types/node/http.d.ts(546,79): error TS1005: ';' expected.
node_modules/@types/node/http.d.ts(547,34): error TS1005: ',' expected.
node_modules/@types/node/http.d.ts(547,53): error TS1005: ',' expected.
node_modules/@types/node/http.d.ts(547,65): error TS1109: Expression expected.
node_modules/@types/node/http.d.ts(547,66): error TS1005: ';' expected.
node_modules/@types/node/http.d.ts(548,34): error TS1005: ',' expected.
node_modules/@types/node/http.d.ts(548,58): error TS1005: ',' expected.
node_modules/@types/node/http.d.ts(548,84): error TS1109: Expression expected.
node_modules/@types/node/http.d.ts(548,85): error TS1005: ';' expected.
node_modules/@types/node/http.d.ts(549,34): error TS1005: ',' expected.
node_modules/@types/node/http.d.ts(549,53): error TS1005: ',' expected.
node_modules/@types/node/http.d.ts(549,75): error TS1109: Expression expected.
node_modules/@types/node/http.d.ts(549,76): error TS1005: ';' expected.
node_modules/@types/node/http.d.ts(550,34): error TS1005: ',' expected.
node_modules/@types/node/http.d.ts(550,57): error TS1005: ',' expected.
node_modules/@types/node/http.d.ts(550,69): error TS1109: Expression expected.
node_modules/@types/node/http.d.ts(550,70): error TS1005: ';' expected.
node_modules/@types/node/http.d.ts(551,34): error TS1005: ',' expected.
node_modules/@types/node/http.d.ts(551,61): error TS1005: ',' expected.
node_modules/@types/node/http.d.ts(551,97): error TS1005: '(' expected.
node_modules/@types/node/http.d.ts(551,98): error TS1005: ',' expected.
node_modules/@types/node/http.d.ts(551,104): error TS1005: ')' expected.
node_modules/@types/node/http.d.ts(552,34): error TS1005: ',' expected.
node_modules/@types/node/http.d.ts(552,64): error TS1005: ',' expected.
node_modules/@types/node/http.d.ts(552,100): error TS1005: '(' expected.
node_modules/@types/node/http.d.ts(552,101): error TS1005: ',' expected.
node_modules/@types/node/http.d.ts(552,107): error TS1005: ')' expected.
node_modules/@types/node/http.d.ts(553,34): error TS1005: ',' expected.
node_modules/@types/node/http.d.ts(553,59): error TS1005: ',' expected.
node_modules/@types/node/http.d.ts(553,104): error TS1109: Expression expected.
node_modules/@types/node/http.d.ts(553,105): error TS1005: ';' expected.
node_modules/@types/node/http.d.ts(555,18): error TS1005: ',' expected.
node_modules/@types/node/http.d.ts(556,21): error TS1005: ',' expected.
node_modules/@types/node/http.d.ts(556,96): error TS1109: Expression expected.
node_modules/@types/node/http.d.ts(557,10): error TS1005: ';' expected.
node_modules/@types/node/http.d.ts(559,18): error TS1005: ',' expected.
node_modules/@types/node/http.d.ts(560,21): error TS1005: ',' expected.
node_modules/@types/node/http.d.ts(560,82): error TS1109: Expression expected.
node_modules/@types/node/http.d.ts(561,10): error TS1005: ';' expected.
node_modules/@types/node/http.d.ts(562,34): error TS1005: ',' expected.
node_modules/@types/node/http.d.ts(562,55): error TS1005: ',' expected.
node_modules/@types/node/http.d.ts(562,91): error TS1005: '(' expected.
node_modules/@types/node/http.d.ts(562,92): error TS1005: ',' expected.
node_modules/@types/node/http.d.ts(562,98): error TS1005: ')' expected.
node_modules/@types/node/http.d.ts(564,18): error TS1005: ',' expected.
node_modules/@types/node/http.d.ts(565,21): error TS1005: ',' expected.
node_modules/@types/node/http.d.ts(565,96): error TS1109: Expression expected.
node_modules/@types/node/http.d.ts(566,10): error TS1005: ';' expected.
node_modules/@types/node/http.d.ts(1681,47): error TS1005: ',' expected.
node_modules/@types/node/http.d.ts(1681,71): error TS1109: Expression expected.
node_modules/@types/node/http.d.ts(1682,5): error TS1109: Expression expected.
node_modules/@types/node/http.d.ts(1682,23): error TS1109: Expression expected.
node_modules/@types/node/http.d.ts(1682,59): error TS1005: '(' expected.
node_modules/@types/node/http.d.ts(1682,60): error TS1005: ')' expected.
node_modules/@types/node/http.d.ts(1682,87): error TS1005: '(' expected.
node_modules/@types/node/http.d.ts(1685,47): error TS1005: ',' expected.
node_modules/@types/node/http.d.ts(1685,71): error TS1109: Expression expected.
node_modules/@types/node/http.d.ts(1686,5): error TS1109: Expression expected.
node_modules/@types/node/http.d.ts(1687,16): error TS1005: ')' expected.
node_modules/@types/node/http.d.ts(1687,50): error TS1109: Expression expected.
node_modules/@types/node/http.d.ts(1688,25): error TS1109: Expression expected.
node_modules/@types/node/http.d.ts(1688,61): error TS1109: Expression expected.
node_modules/@types/node/http.d.ts(1689,5): error TS1109: Expression expected.
node_modules/@types/node/http.d.ts(1689,6): error TS1128: Declaration or statement expected.
node_modules/@types/node/http.d.ts(1689,33): error TS1005: '(' expected.
node_modules/@types/node/http2.d.ts(1057,52): error TS1005: ',' expected.
node_modules/@types/node/http2.d.ts(1057,81): error TS1109: Expression expected.
node_modules/@types/node/http2.d.ts(1058,22): error TS1005: ';' expected.
node_modules/@types/node/http2.d.ts(1058,56): error TS1005: ';' expected.
node_modules/@types/node/http2.d.ts(1059,23): error TS1005: ';' expected.
node_modules/@types/node/http2.d.ts(1059,86): error TS1109: Expression expected.
node_modules/@types/node/http2.d.ts(1060,5): error TS1109: Expression expected.
node_modules/@types/node/http2.d.ts(1060,7): error TS1109: Expression expected.
node_modules/@types/node/http2.d.ts(1060,15): error TS1434: Unexpected keyword or identifier.
node_modules/@types/node/http2.d.ts(1061,9): error TS1128: Declaration or statement expected.
node_modules/@types/node/http2.d.ts(1062,13): error TS1109: Expression expected.
node_modules/@types/node/http2.d.ts(1063,13): error TS1005: '(' expected.
node_modules/@types/node/http2.d.ts(1063,90): error TS1005: '(' expected.
node_modules/@types/node/http2.d.ts(1102,19): error TS1005: ',' expected.
node_modules/@types/node/http2.d.ts(1102,43): error TS1005: ',' expected.
node_modules/@types/node/http2.d.ts(1102,99): error TS1005: ';' expected.
node_modules/@types/node/http2.d.ts(1102,105): error TS1109: Expression expected.
node_modules/@types/node/http2.d.ts(1148,23): error TS1005: ',' expected.
node_modules/@types/node/http2.d.ts(1155,9): error TS1005: '(' expected.
node_modules/@types/node/http2.d.ts(1155,10): error TS1005: ',' expected.
node_modules/@types/node/http2.d.ts(1155,16): error TS1109: Expression expected.
node_modules/@types/node/http2.d.ts(1157,18): error TS1005: ',' expected.
node_modules/@types/node/http2.d.ts(1158,21): error TS1005: ',' expected.
node_modules/@types/node/http2.d.ts(1161,22): error TS1109: Expression expected.
node_modules/@types/node/http2.d.ts(1162,10): error TS1005: ';' expected.
node_modules/@types/node/http2.d.ts(1164,18): error TS1005: ',' expected.
node_modules/@types/node/http2.d.ts(1165,21): error TS1005: ',' expected.
node_modules/@types/node/http2.d.ts(1165,103): error TS1109: Expression expected.
node_modules/@types/node/http2.d.ts(1166,10): error TS1005: ';' expected.
node_modules/@types/node/http2.d.ts(1167,26): error TS1005: ',' expected.
node_modules/@types/node/http2.d.ts(1167,53): error TS1005: ',' expected.
node_modules/@types/node/http2.d.ts(1167,79): error TS1109: Expression expected.
node_modules/@types/node/http2.d.ts(1167,80): error TS1005: ';' expected.
node_modules/@types/node/http2.d.ts(1169,18): error TS1005: ',' expected.
node_modules/@types/node/http2.d.ts(1170,20): error TS1005: ',' expected.
node_modules/@types/node/http2.d.ts(1170,98): error TS1109: Expression expected.
node_modules/@types/node/http2.d.ts(1171,19): error TS1005: ',' expected.
node_modules/@types/node/http2.d.ts(1172,10): error TS1005: ';' expected.
node_modules/@types/node/http2.d.ts(1173,19): error TS1005: ',' expected.
node_modules/@types/node/http2.d.ts(1173,37): error TS1005: ',' expected.
node_modules/@types/node/http2.d.ts(1173,65): error TS1005: ',' expected.
node_modules/@types/node/http2.d.ts(1173,93): error TS1005: ',' expected.
node_modules/@types/node/http2.d.ts(1173,102): error TS1005: ';' expected.
node_modules/@types/node/http2.d.ts(1174,19): error TS1005: ',' expected.
node_modules/@types/node/http2.d.ts(1174,45): error TS1005: ',' expected.
node_modules/@types/node/http2.d.ts(1174,51): error TS1011: An element access expression should take an argument.
node_modules/@types/node/http2.d.ts(1174,53): error TS1005: ';' expected.
node_modules/@types/node/http2.d.ts(1176,18): error TS1005: ',' expected.
node_modules/@types/node/http2.d.ts(1177,21): error TS1005: ',' expected.
node_modules/@types/node/http2.d.ts(1180,22): error TS1109: Expression expected.
node_modules/@types/node/http2.d.ts(1181,10): error TS1005: ';' expected.
node_modules/@types/node/http2.d.ts(1183,18): error TS1005: ',' expected.
node_modules/@types/node/http2.d.ts(1184,21): error TS1005: ',' expected.
node_modules/@types/node/http2.d.ts(1184,103): error TS1109: Expression expected.
node_modules/@types/node/http2.d.ts(1185,10): error TS1005: ';' expected.
node_modules/@types/node/http2.d.ts(1186,17): error TS1005: ',' expected.
node_modules/@types/node/http2.d.ts(1186,44): error TS1005: ',' expected.
node_modules/@types/node/http2.d.ts(1186,70): error TS1109: Expression expected.
node_modules/@types/node/http2.d.ts(1186,71): error TS1005: ';' expected.
node_modules/@types/node/http2.d.ts(1188,18): error TS1005: ',' expected.
node_modules/@types/node/http2.d.ts(1189,21): error TS1005: ',' expected.
node_modules/@types/node/http2.d.ts(1192,22): error TS1109: Expression expected.
node_modules/@types/node/http2.d.ts(1193,10): error TS1005: ';' expected.
node_modules/@types/node/http2.d.ts(1195,18): error TS1005: ',' expected.
node_modules/@types/node/http2.d.ts(1196,21): error TS1005: ',' expected.
node_modules/@types/node/http2.d.ts(1196,103): error TS1109: Expression expected.
node_modules/@types/node/http2.d.ts(1197,10): error TS1005: ';' expected.
node_modules/@types/node/http2.d.ts(1198,19): error TS1005: ',' expected.
node_modules/@types/node/http2.d.ts(1198,46): error TS1005: ',' expected.
node_modules/@types/node/http2.d.ts(1198,72): error TS1109: Expression expected.
node_modules/@types/node/http2.d.ts(1198,73): error TS1005: ';' expected.
node_modules/@types/node/http2.d.ts(1200,18): error TS1005: ',' expected.
node_modules/@types/node/http2.d.ts(1201,21): error TS1005: ',' expected.
node_modules/@types/node/http2.d.ts(1204,22): error TS1109: Expression expected.
node_modules/@types/node/http2.d.ts(1205,10): error TS1005: ';' expected.
node_modules/@types/node/http2.d.ts(1207,18): error TS1005: ',' expected.
node_modules/@types/node/http2.d.ts(1208,21): error TS1005: ',' expected.
node_modules/@types/node/http2.d.ts(1208,103): error TS1109: Expression expected.
node_modules/@types/node/http2.d.ts(1209,10): error TS1005: ';' expected.
node_modules/@types/node/http2.d.ts(1210,30): error TS1005: ',' expected.
node_modules/@types/node/http2.d.ts(1210,57): error TS1005: ',' expected.
node_modules/@types/node/http2.d.ts(1210,83): error TS1109: Expression expected.
node_modules/@types/node/http2.d.ts(1210,84): error TS1005: ';' expected.
node_modules/@types/node/http2.d.ts(1212,18): error TS1005: ',' expected.
node_modules/@types/node/http2.d.ts(1213,21): error TS1005: ',' expected.
node_modules/@types/node/http2.d.ts(1216,22): error TS1109: Expression expected.
node_modules/@types/node/http2.d.ts(1217,10): error TS1005: ';' expected.
node_modules/@types/node/http2.d.ts(1219,18): error TS1005: ',' expected.
node_modules/@types/node/http2.d.ts(1220,21): error TS1005: ',' expected.
node_modules/@types/node/http2.d.ts(1220,103): error TS1109: Expression expected.
node_modules/@types/node/http2.d.ts(1221,10): error TS1005: ';' expected.
node_modules/@types/node/http2.d.ts(1222,34): error TS1005: ',' expected.
node_modules/@types/node/http2.d.ts(1222,61): error TS1005: ',' expected.
node_modules/@types/node/http2.d.ts(1222,87): error TS1109: Expression expected.
node_modules/@types/node/http2.d.ts(1222,88): error TS1005: ';' expected.
node_modules/@types/node/http2.d.ts(1319,52): error TS1005: ',' expected.
node_modules/@types/node/http2.d.ts(1319,81): error TS1109: Expression expected.
node_modules/@types/node/http2.d.ts(1320,22): error TS1005: ';' expected.
node_modules/@types/node/http2.d.ts(1320,56): error TS1005: ';' expected.
node_modules/@types/node/http2.d.ts(1321,23): error TS1005: ';' expected.
node_modules/@types/node/http2.d.ts(1321,86): error TS1109: Expression expected.
node_modules/@types/node/http2.d.ts(1322,5): error TS1109: Expression expected.
node_modules/@types/node/http2.d.ts(1322,7): error TS1109: Expression expected.
node_modules/@types/node/http2.d.ts(1322,15): error TS1434: Unexpected keyword or identifier.
node_modules/@types/node/http2.d.ts(1323,26): error TS1109: Expression expected.
node_modules/@types/node/http2.d.ts(1324,25): error TS1109: Expression expected.
node_modules/@types/node/http2.d.ts(1325,30): error TS1109: Expression expected.
node_modules/@types/node/http2.d.ts(1326,29): error TS1109: Expression expected.
node_modules/@types/node/http2.d.ts(1327,28): error TS1109: Expression expected.
node_modules/@types/node/http2.d.ts(1328,29): error TS1109: Expression expected.
node_modules/@types/node/http2.d.ts(1333,52): error TS1005: ',' expected.
node_modules/@types/node/http2.d.ts(1333,81): error TS1109: Expression expected.
node_modules/@types/node/http2.d.ts(1334,22): error TS1005: ';' expected.
node_modules/@types/node/http2.d.ts(1334,56): error TS1005: ';' expected.
node_modules/@types/node/http2.d.ts(1335,23): error TS1005: ';' expected.
node_modules/@types/node/http2.d.ts(1335,86): error TS1109: Expression expected.
node_modules/@types/node/http2.d.ts(1336,5): error TS1109: Expression expected.
node_modules/@types/node/http2.d.ts(1336,7): error TS1109: Expression expected.
node_modules/@types/node/http2.d.ts(1336,93): error TS1109: Expression expected.
node_modules/@types/node/http2.d.ts(1336,110): error TS1005: ';' expected.
node_modules/@types/node/http2.d.ts(1339,52): error TS1005: ',' expected.
node_modules/@types/node/http2.d.ts(1339,81): error TS1109: Expression expected.
node_modules/@types/node/http2.d.ts(1340,22): error TS1005: ';' expected.
node_modules/@types/node/http2.d.ts(1340,56): error TS1005: ';' expected.
node_modules/@types/node/http2.d.ts(1341,23): error TS1005: ';' expected.
node_modules/@types/node/http2.d.ts(1341,86): error TS1109: Expression expected.
node_modules/@types/node/http2.d.ts(1342,5): error TS1109: Expression expected.
node_modules/@types/node/http2.d.ts(1342,7): error TS1109: Expression expected.
node_modules/@types/node/http2.d.ts(1345,52): error TS1005: ',' expected.
node_modules/@types/node/http2.d.ts(1345,81): error TS1109: Expression expected.
node_modules/@types/node/http2.d.ts(1346,22): error TS1005: ';' expected.
node_modules/@types/node/http2.d.ts(1346,56): error TS1005: ';' expected.
node_modules/@types/node/http2.d.ts(1347,23): error TS1005: ';' expected.
node_modules/@types/node/http2.d.ts(1347,86): error TS1109: Expression expected.
node_modules/@types/node/http2.d.ts(1348,5): error TS1109: Expression expected.
node_modules/@types/node/http2.d.ts(1348,7): error TS1109: Expression expected.
node_modules/@types/node/http2.d.ts(1349,41): error TS1005: ',' expected.
node_modules/@types/node/http2.d.ts(1350,26): error TS1011: An element access expression should take an argument.
node_modules/@types/node/http2.d.ts(1350,39): error TS1005: ',' expected.
node_modules/@types/node/http2.d.ts(1362,52): error TS1005: ',' expected.
node_modules/@types/node/http2.d.ts(1362,81): error TS1109: Expression expected.
node_modules/@types/node/http2.d.ts(1363,22): error TS1005: ';' expected.
node_modules/@types/node/http2.d.ts(1363,56): error TS1005: ';' expected.
node_modules/@types/node/http2.d.ts(1364,23): error TS1005: ';' expected.
node_modules/@types/node/http2.d.ts(1364,86): error TS1109: Expression expected.
node_modules/@types/node/http2.d.ts(1365,5): error TS1109: Expression expected.
node_modules/@types/node/http2.d.ts(1365,7): error TS1109: Expression expected.
node_modules/@types/node/http2.d.ts(1365,45): error TS1005: ';' expected.
node_modules/@types/node/http2.d.ts(1367,18): error TS1005: ',' expected.
node_modules/@types/node/http2.d.ts(1368,21): error TS1005: ',' expected.
node_modules/@types/node/http2.d.ts(1368,107): error TS1109: Expression expected.
node_modules/@types/node/http2.d.ts(1369,10): error TS1005: ';' expected.
node_modules/@types/node/http2.d.ts(1371,18): error TS1005: ',' expected.
node_modules/@types/node/http2.d.ts(1372,21): error TS1005: ',' expected.
node_modules/@types/node/http2.d.ts(1372,107): error TS1109: Expression expected.
node_modules/@types/node/http2.d.ts(1373,10): error TS1005: ';' expected.
node_modules/@types/node/http2.d.ts(1375,18): error TS1005: ',' expected.
node_modules/@types/node/http2.d.ts(1376,21): error TS1005: ',' expected.
node_modules/@types/node/http2.d.ts(1376,118): error TS1109: Expression expected.
node_modules/@types/node/http2.d.ts(1377,10): error TS1005: ';' expected.
node_modules/@types/node/http2.d.ts(1378,26): error TS1005: ',' expected.
node_modules/@types/node/http2.d.ts(1378,52): error TS1005: ',' expected.
node_modules/@types/node/http2.d.ts(1378,74): error TS1109: Expression expected.
node_modules/@types/node/http2.d.ts(1378,75): error TS1005: ';' expected.
node_modules/@types/node/http2.d.ts(1380,18): error TS1005: ',' expected.
node_modules/@types/node/http2.d.ts(1381,21): error TS1005: ',' expected.
node_modules/@types/node/http2.d.ts(1381,103): error TS1109: Expression expected.
node_modules/@types/node/http2.d.ts(1382,10): error TS1005: ';' expected.
node_modules/@types/node/http2.d.ts(1383,26): error TS1005: ',' expected.
node_modules/@types/node/http2.d.ts(1383,47): error TS1005: ',' expected.
node_modules/@types/node/http2.d.ts(1383,59): error TS1109: Expression expected.
node_modules/@types/node/http2.d.ts(1383,60): error TS1005: ';' expected.
node_modules/@types/node/http2.d.ts(1384,26): error TS1005: ',' expected.
node_modules/@types/node/http2.d.ts(1384,53): error TS1005: ',' expected.
node_modules/@types/node/http2.d.ts(1384,79): error TS1109: Expression expected.
node_modules/@types/node/http2.d.ts(1384,80): error TS1005: ';' expected.
node_modules/@types/node/http2.d.ts(1386,18): error TS1005: ',' expected.
node_modules/@types/node/http2.d.ts(1387,20): error TS1005: ',' expected.
node_modules/@types/node/http2.d.ts(1387,48): error TS1109: Expression expected.
node_modules/@types/node/http2.d.ts(1388,21): error TS1005: ',' expected.
node_modules/@types/node/http2.d.ts(1388,50): error TS1109: Expression expected.
node_modules/@types/node/http2.d.ts(1389,10): error TS1005: ';' expected.
node_modules/@types/node/http2.d.ts(1390,19): error TS1005: ',' expected.
node_modules/@types/node/http2.d.ts(1390,39): error TS1005: ',' expected.
node_modules/@types/node/http2.d.ts(1390,67): error TS1109: Expression expected.
node_modules/@types/node/http2.d.ts(1390,77): error TS1005: ',' expected.
node_modules/@types/node/http2.d.ts(1390,106): error TS1005: '(' expected.
node_modules/@types/node/http2.d.ts(1390,107): error TS1005: ',' expected.
node_modules/@types/node/http2.d.ts(1390,116): error TS1005: ')' expected.
node_modules/@types/node/http2.d.ts(1392,18): error TS1005: ',' expected.
node_modules/@types/node/http2.d.ts(1393,20): error TS1005: ',' expected.
node_modules/@types/node/http2.d.ts(1393,98): error TS1109: Expression expected.
node_modules/@types/node/http2.d.ts(1394,10): error TS1005: ';' expected.
node_modules/@types/node/http2.d.ts(1395,19): error TS1005: ',' expected.
node_modules/@types/node/http2.d.ts(1395,40): error TS1005: ',' expected.
node_modules/@types/node/http2.d.ts(1395,48): error TS1005: ';' expected.
node_modules/@types/node/http2.d.ts(1396,19): error TS1005: ',' expected.
node_modules/@types/node/http2.d.ts(1396,37): error TS1005: ',' expected.
node_modules/@types/node/http2.d.ts(1396,65): error TS1005: ',' expected.
node_modules/@types/node/http2.d.ts(1396,93): error TS1005: ',' expected.
node_modules/@types/node/http2.d.ts(1396,102): error TS1005: ';' expected.
node_modules/@types/node/http2.d.ts(1397,19): error TS1005: ',' expected.
node_modules/@types/node/http2.d.ts(1397,31): error TS1005: ';' expected.
node_modules/@types/node/http2.d.ts(1398,19): error TS1005: ',' expected.
node_modules/@types/node/http2.d.ts(1398,45): error TS1005: ',' expected.
node_modules/@types/node/http2.d.ts(1398,51): error TS1011: An element access expression should take an argument.
node_modules/@types/node/http2.d.ts(1398,53): error TS1005: ';' expected.
node_modules/@types/node/http2.d.ts(1400,18): error TS1005: ',' expected.
node_modules/@types/node/http2.d.ts(1401,21): error TS1005: ',' expected.
node_modules/@types/node/http2.d.ts(1401,107): error TS1109: Expression expected.
node_modules/@types/node/http2.d.ts(1402,10): error TS1005: ';' expected.
node_modules/@types/node/http2.d.ts(1404,18): error TS1005: ',' expected.
node_modules/@types/node/http2.d.ts(1405,21): error TS1005: ',' expected.
node_modules/@types/node/http2.d.ts(1405,107): error TS1109: Expression expected.
node_modules/@types/node/http2.d.ts(1406,10): error TS1005: ';' expected.
node_modules/@types/node/http2.d.ts(1408,18): error TS1005: ',' expected.
node_modules/@types/node/http2.d.ts(1409,21): error TS1005: ',' expected.
node_modules/@types/node/http2.d.ts(1409,118): error TS1109: Expression expected.
node_modules/@types/node/http2.d.ts(1410,10): error TS1005: ';' expected.
node_modules/@types/node/http2.d.ts(1411,17): error TS1005: ',' expected.
node_modules/@types/node/http2.d.ts(1411,43): error TS1005: ',' expected.
node_modules/@types/node/http2.d.ts(1411,65): error TS1109: Expression expected.
node_modules/@types/node/http2.d.ts(1411,66): error TS1005: ';' expected.
node_modules/@types/node/http2.d.ts(1413,18): error TS1005: ',' expected.
node_modules/@types/node/http2.d.ts(1414,21): error TS1005: ',' expected.
node_modules/@types/node/http2.d.ts(1414,103): error TS1109: Expression expected.
node_modules/@types/node/http2.d.ts(1415,10): error TS1005: ';' expected.
node_modules/@types/node/http2.d.ts(1416,17): error TS1005: ',' expected.
node_modules/@types/node/http2.d.ts(1416,38): error TS1005: ',' expected.
node_modules/@types/node/http2.d.ts(1416,50): error TS1109: Expression expected.
node_modules/@types/node/http2.d.ts(1416,51): error TS1005: ';' expected.
node_modules/@types/node/http2.d.ts(1417,17): error TS1005: ',' expected.
node_modules/@types/node/http2.d.ts(1417,44): error TS1005: ',' expected.
node_modules/@types/node/http2.d.ts(1417,70): error TS1109: Expression expected.
node_modules/@types/node/http2.d.ts(1417,71): error TS1005: ';' expected.
node_modules/@types/node/http2.d.ts(1419,18): error TS1005: ',' expected.
node_modules/@types/node/http2.d.ts(1420,21): error TS1005: ',' expected.
node_modules/@types/node/http2.d.ts(1420,107): error TS1109: Expression expected.
node_modules/@types/node/http2.d.ts(1421,10): error TS1005: ';' expected.
node_modules/@types/node/http2.d.ts(1423,18): error TS1005: ',' expected.
node_modules/@types/node/http2.d.ts(1424,21): error TS1005: ',' expected.
node_modules/@types/node/http2.d.ts(1424,107): error TS1109: Expression expected.
node_modules/@types/node/http2.d.ts(1425,10): error TS1005: ';' expected.
node_modules/@types/node/http2.d.ts(1427,18): error TS1005: ',' expected.
node_modules/@types/node/http2.d.ts(1428,21): error TS1005: ',' expected.
node_modules/@types/node/http2.d.ts(1428,118): error TS1109: Expression expected.
node_modules/@types/node/http2.d.ts(1429,10): error TS1005: ';' expected.
node_modules/@types/node/http2.d.ts(1430,19): error TS1005: ',' expected.
node_modules/@types/node/http2.d.ts(1430,45): error TS1005: ',' expected.
node_modules/@types/node/http2.d.ts(1430,67): error TS1109: Expression expected.
node_modules/@types/node/http2.d.ts(1430,68): error TS1005: ';' expected.
node_modules/@types/node/http2.d.ts(1432,18): error TS1005: ',' expected.
node_modules/@types/node/http2.d.ts(1433,21): error TS1005: ',' expected.
node_modules/@types/node/http2.d.ts(1433,103): error TS1109: Expression expected.
node_modules/@types/node/http2.d.ts(1434,10): error TS1005: ';' expected.
node_modules/@types/node/http2.d.ts(1435,19): error TS1005: ',' expected.
node_modules/@types/node/http2.d.ts(1435,40): error TS1005: ',' expected.
node_modules/@types/node/http2.d.ts(1435,52): error TS1109: Expression expected.
node_modules/@types/node/http2.d.ts(1435,53): error TS1005: ';' expected.
node_modules/@types/node/http2.d.ts(1436,19): error TS1005: ',' expected.
node_modules/@types/node/http2.d.ts(1436,46): error TS1005: ',' expected.
node_modules/@types/node/http2.d.ts(1436,72): error TS1109: Expression expected.
node_modules/@types/node/http2.d.ts(1436,73): error TS1005: ';' expected.
node_modules/@types/node/http2.d.ts(1438,18): error TS1005: ',' expected.
node_modules/@types/node/http2.d.ts(1439,21): error TS1005: ',' expected.
node_modules/@types/node/http2.d.ts(1439,107): error TS1109: Expression expected.
node_modules/@types/node/http2.d.ts(1440,10): error TS1005: ';' expected.
node_modules/@types/node/http2.d.ts(1442,18): error TS1005: ',' expected.
node_modules/@types/node/http2.d.ts(1443,21): error TS1005: ',' expected.
node_modules/@types/node/http2.d.ts(1443,107): error TS1109: Expression expected.
node_modules/@types/node/http2.d.ts(1444,10): error TS1005: ';' expected.
node_modules/@types/node/http2.d.ts(1446,18): error TS1005: ',' expected.
node_modules/@types/node/http2.d.ts(1447,21): error TS1005: ',' expected.
node_modules/@types/node/http2.d.ts(1447,118): error TS1109: Expression expected.
node_modules/@types/node/http2.d.ts(1448,10): error TS1005: ';' expected.
node_modules/@types/node/http2.d.ts(1449,30): error TS1005: ',' expected.
node_modules/@types/node/http2.d.ts(1449,56): error TS1005: ',' expected.
node_modules/@types/node/http2.d.ts(1449,78): error TS1109: Expression expected.
node_modules/@types/node/http2.d.ts(1449,79): error TS1005: ';' expected.
node_modules/@types/node/http2.d.ts(1451,18): error TS1005: ',' expected.
node_modules/@types/node/http2.d.ts(1452,21): error TS1005: ',' expected.
node_modules/@types/node/http2.d.ts(1452,103): error TS1109: Expression expected.
node_modules/@types/node/http2.d.ts(1453,10): error TS1005: ';' expected.
node_modules/@types/node/http2.d.ts(1454,30): error TS1005: ',' expected.
node_modules/@types/node/http2.d.ts(1454,51): error TS1005: ',' expected.
node_modules/@types/node/http2.d.ts(1454,63): error TS1109: Expression expected.
node_modules/@types/node/http2.d.ts(1454,64): error TS1005: ';' expected.
node_modules/@types/node/http2.d.ts(1455,30): error TS1005: ',' expected.
node_modules/@types/node/http2.d.ts(1455,57): error TS1005: ',' expected.
node_modules/@types/node/http2.d.ts(1455,83): error TS1109: Expression expected.
node_modules/@types/node/http2.d.ts(1455,84): error TS1005: ';' expected.
node_modules/@types/node/http2.d.ts(1457,18): error TS1005: ',' expected.
node_modules/@types/node/http2.d.ts(1458,21): error TS1005: ',' expected.
node_modules/@types/node/http2.d.ts(1458,107): error TS1109: Expression expected.
node_modules/@types/node/http2.d.ts(1459,10): error TS1005: ';' expected.
node_modules/@types/node/http2.d.ts(1461,18): error TS1005: ',' expected.
node_modules/@types/node/http2.d.ts(1462,21): error TS1005: ',' expected.
node_modules/@types/node/http2.d.ts(1462,107): error TS1109: Expression expected.
node_modules/@types/node/http2.d.ts(1463,10): error TS1005: ';' expected.
node_modules/@types/node/http2.d.ts(1465,18): error TS1005: ',' expected.
node_modules/@types/node/http2.d.ts(1466,21): error TS1005: ',' expected.
node_modules/@types/node/http2.d.ts(1466,118): error TS1109: Expression expected.
node_modules/@types/node/http2.d.ts(1467,10): error TS1005: ';' expected.
node_modules/@types/node/http2.d.ts(1468,34): error TS1005: ',' expected.
node_modules/@types/node/http2.d.ts(1468,60): error TS1005: ',' expected.
node_modules/@types/node/http2.d.ts(1468,82): error TS1109: Expression expected.
node_modules/@types/node/http2.d.ts(1468,83): error TS1005: ';' expected.
node_modules/@types/node/http2.d.ts(1470,18): error TS1005: ',' expected.
node_modules/@types/node/http2.d.ts(1471,21): error TS1005: ',' expected.
node_modules/@types/node/http2.d.ts(1471,103): error TS1109: Expression expected.
node_modules/@types/node/http2.d.ts(1472,10): error TS1005: ';' expected.
node_modules/@types/node/http2.d.ts(1473,34): error TS1005: ',' expected.
node_modules/@types/node/http2.d.ts(1473,55): error TS1005: ',' expected.
node_modules/@types/node/http2.d.ts(1473,67): error TS1109: Expression expected.
node_modules/@types/node/http2.d.ts(1473,68): error TS1005: ';' expected.
node_modules/@types/node/http2.d.ts(1474,34): error TS1005: ',' expected.
node_modules/@types/node/http2.d.ts(1474,61): error TS1005: ',' expected.
node_modules/@types/node/http2.d.ts(1474,87): error TS1109: Expression expected.
node_modules/@types/node/http2.d.ts(1474,88): error TS1005: ';' expected.
node_modules/@types/node/http2.d.ts(1478,52): error TS1005: ',' expected.
node_modules/@types/node/http2.d.ts(1478,81): error TS1109: Expression expected.
node_modules/@types/node/http2.d.ts(1479,22): error TS1005: ';' expected.
node_modules/@types/node/http2.d.ts(1479,56): error TS1005: ';' expected.
node_modules/@types/node/http2.d.ts(1480,23): error TS1005: ';' expected.
node_modules/@types/node/http2.d.ts(1480,86): error TS1109: Expression expected.
node_modules/@types/node/http2.d.ts(1481,5): error TS1109: Expression expected.
node_modules/@types/node/http2.d.ts(1481,7): error TS1109: Expression expected.
node_modules/@types/node/http2.d.ts(1481,45): error TS1005: ';' expected.
node_modules/@types/node/http2.d.ts(1483,18): error TS1005: ',' expected.
node_modules/@types/node/http2.d.ts(1484,21): error TS1005: ',' expected.
node_modules/@types/node/http2.d.ts(1484,107): error TS1109: Expression expected.
node_modules/@types/node/http2.d.ts(1485,10): error TS1005: ';' expected.
node_modules/@types/node/http2.d.ts(1487,18): error TS1005: ',' expected.
node_modules/@types/node/http2.d.ts(1488,21): error TS1005: ',' expected.
node_modules/@types/node/http2.d.ts(1488,107): error TS1109: Expression expected.
node_modules/@types/node/http2.d.ts(1489,10): error TS1005: ';' expected.
node_modules/@types/node/http2.d.ts(1491,18): error TS1005: ',' expected.
node_modules/@types/node/http2.d.ts(1492,21): error TS1005: ',' expected.
node_modules/@types/node/http2.d.ts(1492,118): error TS1109: Expression expected.
node_modules/@types/node/http2.d.ts(1493,10): error TS1005: ';' expected.
node_modules/@types/node/http2.d.ts(1494,26): error TS1005: ',' expected.
node_modules/@types/node/http2.d.ts(1494,52): error TS1005: ',' expected.
node_modules/@types/node/http2.d.ts(1494,74): error TS1109: Expression expected.
node_modules/@types/node/http2.d.ts(1494,75): error TS1005: ';' expected.
node_modules/@types/node/http2.d.ts(1496,18): error TS1005: ',' expected.
node_modules/@types/node/http2.d.ts(1497,21): error TS1005: ',' expected.
node_modules/@types/node/http2.d.ts(1497,103): error TS1109: Expression expected.
node_modules/@types/node/http2.d.ts(1498,10): error TS1005: ';' expected.
node_modules/@types/node/http2.d.ts(1499,26): error TS1005: ',' expected.
node_modules/@types/node/http2.d.ts(1499,47): error TS1005: ',' expected.
node_modules/@types/node/http2.d.ts(1499,59): error TS1109: Expression expected.
node_modules/@types/node/http2.d.ts(1499,60): error TS1005: ';' expected.
node_modules/@types/node/http2.d.ts(1500,26): error TS1005: ',' expected.
node_modules/@types/node/http2.d.ts(1500,55): error TS1005: ',' expected.
node_modules/@types/node/http2.d.ts(1500,88): error TS1109: Expression expected.
node_modules/@types/node/http2.d.ts(1500,89): error TS1005: ';' expected.
node_modules/@types/node/http2.d.ts(1501,26): error TS1005: ',' expected.
node_modules/@types/node/http2.d.ts(1501,53): error TS1005: ',' expected.
node_modules/@types/node/http2.d.ts(1501,79): error TS1109: Expression expected.
node_modules/@types/node/http2.d.ts(1501,80): error TS1005: ';' expected.
node_modules/@types/node/http2.d.ts(1503,18): error TS1005: ',' expected.
node_modules/@types/node/http2.d.ts(1504,20): error TS1005: ',' expected.
node_modules/@types/node/http2.d.ts(1504,48): error TS1109: Expression expected.
node_modules/@types/node/http2.d.ts(1505,21): error TS1005: ',' expected.
node_modules/@types/node/http2.d.ts(1505,50): error TS1109: Expression expected.
node_modules/@types/node/http2.d.ts(1506,10): error TS1005: ';' expected.
node_modules/@types/node/http2.d.ts(1507,19): error TS1005: ',' expected.
node_modules/@types/node/http2.d.ts(1507,39): error TS1005: ',' expected.
node_modules/@types/node/http2.d.ts(1507,67): error TS1109: Expression expected.
node_modules/@types/node/http2.d.ts(1507,77): error TS1005: ',' expected.
node_modules/@types/node/http2.d.ts(1507,106): error TS1005: '(' expected.
node_modules/@types/node/http2.d.ts(1507,107): error TS1005: ',' expected.
node_modules/@types/node/http2.d.ts(1507,116): error TS1005: ')' expected.
node_modules/@types/node/http2.d.ts(1509,18): error TS1005: ',' expected.
node_modules/@types/node/http2.d.ts(1510,20): error TS1005: ',' expected.
node_modules/@types/node/http2.d.ts(1510,98): error TS1109: Expression expected.
node_modules/@types/node/http2.d.ts(1511,10): error TS1005: ';' expected.
node_modules/@types/node/http2.d.ts(1512,19): error TS1005: ',' expected.
node_modules/@types/node/http2.d.ts(1512,40): error TS1005: ',' expected.
node_modules/@types/node/http2.d.ts(1512,48): error TS1005: ';' expected.
node_modules/@types/node/http2.d.ts(1513,19): error TS1005: ',' expected.
node_modules/@types/node/http2.d.ts(1513,37): error TS1005: ',' expected.
node_modules/@types/node/http2.d.ts(1513,65): error TS1005: ',' expected.
node_modules/@types/node/http2.d.ts(1513,93): error TS1005: ',' expected.
node_modules/@types/node/http2.d.ts(1513,102): error TS1005: ';' expected.
node_modules/@types/node/http2.d.ts(1514,19): error TS1005: ',' expected.
node_modules/@types/node/http2.d.ts(1514,31): error TS1005: ';' expected.
node_modules/@types/node/http2.d.ts(1515,19): error TS1005: ',' expected.
node_modules/@types/node/http2.d.ts(1515,46): error TS1005: ',' expected.
node_modules/@types/node/http2.d.ts(1515,62): error TS1005: ';' expected.
node_modules/@types/node/http2.d.ts(1516,19): error TS1005: ',' expected.
node_modules/@types/node/http2.d.ts(1516,45): error TS1005: ',' expected.
node_modules/@types/node/http2.d.ts(1516,51): error TS1011: An element access expression should take an argument.
node_modules/@types/node/http2.d.ts(1516,53): error TS1005: ';' expected.
node_modules/@types/node/http2.d.ts(1518,18): error TS1005: ',' expected.
node_modules/@types/node/http2.d.ts(1519,21): error TS1005: ',' expected.
node_modules/@types/node/http2.d.ts(1519,107): error TS1109: Expression expected.
node_modules/@types/node/http2.d.ts(1520,10): error TS1005: ';' expected.
node_modules/@types/node/http2.d.ts(1522,18): error TS1005: ',' expected.
node_modules/@types/node/http2.d.ts(1523,21): error TS1005: ',' expected.
node_modules/@types/node/http2.d.ts(1523,107): error TS1109: Expression expected.
node_modules/@types/node/http2.d.ts(1524,10): error TS1005: ';' expected.
node_modules/@types/node/http2.d.ts(1526,18): error TS1005: ',' expected.
node_modules/@types/node/http2.d.ts(1527,21): error TS1005: ',' expected.
node_modules/@types/node/http2.d.ts(1527,118): error TS1109: Expression expected.
node_modules/@types/node/http2.d.ts(1528,10): error TS1005: ';' expected.
node_modules/@types/node/http2.d.ts(1529,17): error TS1005: ',' expected.
node_modules/@types/node/http2.d.ts(1529,43): error TS1005: ',' expected.
node_modules/@types/node/http2.d.ts(1529,65): error TS1109: Expression expected.
node_modules/@types/node/http2.d.ts(1529,66): error TS1005: ';' expected.
node_modules/@types/node/http2.d.ts(1531,18): error TS1005: ',' expected.
node_modules/@types/node/http2.d.ts(1532,21): error TS1005: ',' expected.
node_modules/@types/node/http2.d.ts(1532,103): error TS1109: Expression expected.
node_modules/@types/node/http2.d.ts(1533,10): error TS1005: ';' expected.
node_modules/@types/node/http2.d.ts(1534,17): error TS1005: ',' expected.
node_modules/@types/node/http2.d.ts(1534,38): error TS1005: ',' expected.
node_modules/@types/node/http2.d.ts(1534,50): error TS1109: Expression expected.
node_modules/@types/node/http2.d.ts(1534,51): error TS1005: ';' expected.
node_modules/@types/node/http2.d.ts(1535,17): error TS1005: ',' expected.
node_modules/@types/node/http2.d.ts(1535,46): error TS1005: ',' expected.
node_modules/@types/node/http2.d.ts(1535,79): error TS1109: Expression expected.
node_modules/@types/node/http2.d.ts(1535,80): error TS1005: ';' expected.
node_modules/@types/node/http2.d.ts(1536,17): error TS1005: ',' expected.
node_modules/@types/node/http2.d.ts(1536,44): error TS1005: ',' expected.
node_modules/@types/node/http2.d.ts(1536,70): error TS1109: Expression expected.
node_modules/@types/node/http2.d.ts(1536,71): error TS1005: ';' expected.
node_modules/@types/node/http2.d.ts(1538,18): error TS1005: ',' expected.
node_modules/@types/node/http2.d.ts(1539,21): error TS1005: ',' expected.
node_modules/@types/node/http2.d.ts(1539,107): error TS1109: Expression expected.
node_modules/@types/node/http2.d.ts(1540,10): error TS1005: ';' expected.
node_modules/@types/node/http2.d.ts(1542,18): error TS1005: ',' expected.
node_modules/@types/node/http2.d.ts(1543,21): error TS1005: ',' expected.
node_modules/@types/node/http2.d.ts(1543,107): error TS1109: Expression expected.
node_modules/@types/node/http2.d.ts(1544,10): error TS1005: ';' expected.
node_modules/@types/node/http2.d.ts(1546,18): error TS1005: ',' expected.
node_modules/@types/node/http2.d.ts(1547,21): error TS1005: ',' expected.
node_modules/@types/node/http2.d.ts(1547,118): error TS1109: Expression expected.
node_modules/@types/node/http2.d.ts(1548,10): error TS1005: ';' expected.
node_modules/@types/node/http2.d.ts(1549,19): error TS1005: ',' expected.
node_modules/@types/node/http2.d.ts(1549,45): error TS1005: ',' expected.
node_modules/@types/node/http2.d.ts(1549,67): error TS1109: Expression expected.
node_modules/@types/node/http2.d.ts(1549,68): error TS1005: ';' expected.
node_modules/@types/node/http2.d.ts(1551,18): error TS1005: ',' expected.
node_modules/@types/node/http2.d.ts(1552,21): error TS1005: ',' expected.
node_modules/@types/node/http2.d.ts(1552,103): error TS1109: Expression expected.
node_modules/@types/node/http2.d.ts(1553,10): error TS1005: ';' expected.
node_modules/@types/node/http2.d.ts(1554,19): error TS1005: ',' expected.
node_modules/@types/node/http2.d.ts(1554,40): error TS1005: ',' expected.
node_modules/@types/node/http2.d.ts(1554,52): error TS1109: Expression expected.
node_modules/@types/node/http2.d.ts(1554,53): error TS1005: ';' expected.
node_modules/@types/node/http2.d.ts(1555,19): error TS1005: ',' expected.
node_modules/@types/node/http2.d.ts(1555,48): error TS1005: ',' expected.
node_modules/@types/node/http2.d.ts(1555,81): error TS1109: Expression expected.
node_modules/@types/node/http2.d.ts(1555,82): error TS1005: ';' expected.
node_modules/@types/node/http2.d.ts(1556,19): error TS1005: ',' expected.
node_modules/@types/node/http2.d.ts(1556,46): error TS1005: ',' expected.
node_modules/@types/node/http2.d.ts(1556,72): error TS1109: Expression expected.
node_modules/@types/node/http2.d.ts(1556,73): error TS1005: ';' expected.
node_modules/@types/node/http2.d.ts(1558,18): error TS1005: ',' expected.
node_modules/@types/node/http2.d.ts(1559,21): error TS1005: ',' expected.
node_modules/@types/node/http2.d.ts(1559,107): error TS1109: Expression expected.
node_modules/@types/node/http2.d.ts(1560,10): error TS1005: ';' expected.
node_modules/@types/node/http2.d.ts(1562,18): error TS1005: ',' expected.
node_modules/@types/node/http2.d.ts(1563,21): error TS1005: ',' expected.
node_modules/@types/node/http2.d.ts(1563,107): error TS1109: Expression expected.
node_modules/@types/node/http2.d.ts(1564,10): error TS1005: ';' expected.
node_modules/@types/node/http2.d.ts(1566,18): error TS1005: ',' expected.
node_modules/@types/node/http2.d.ts(1567,21): error TS1005: ',' expected.
node_modules/@types/node/http2.d.ts(1567,118): error TS1109: Expression expected.
node_modules/@types/node/http2.d.ts(1568,10): error TS1005: ';' expected.
node_modules/@types/node/http2.d.ts(1569,30): error TS1005: ',' expected.
node_modules/@types/node/http2.d.ts(1569,56): error TS1005: ',' expected.
node_modules/@types/node/http2.d.ts(1569,78): error TS1109: Expression expected.
node_modules/@types/node/http2.d.ts(1569,79): error TS1005: ';' expected.
node_modules/@types/node/http2.d.ts(1571,18): error TS1005: ',' expected.
node_modules/@types/node/http2.d.ts(1572,21): error TS1005: ',' expected.
node_modules/@types/node/http2.d.ts(1572,103): error TS1109: Expression expected.
node_modules/@types/node/http2.d.ts(1573,10): error TS1005: ';' expected.
node_modules/@types/node/http2.d.ts(1574,30): error TS1005: ',' expected.
node_modules/@types/node/http2.d.ts(1574,51): error TS1005: ',' expected.
node_modules/@types/node/http2.d.ts(1574,63): error TS1109: Expression expected.
node_modules/@types/node/http2.d.ts(1574,64): error TS1005: ';' expected.
node_modules/@types/node/http2.d.ts(1575,30): error TS1005: ',' expected.
node_modules/@types/node/http2.d.ts(1575,59): error TS1005: ',' expected.
node_modules/@types/node/http2.d.ts(1575,92): error TS1109: Expression expected.
node_modules/@types/node/http2.d.ts(1575,93): error TS1005: ';' expected.
node_modules/@types/node/http2.d.ts(1576,30): error TS1005: ',' expected.
node_modules/@types/node/http2.d.ts(1576,57): error TS1005: ',' expected.
node_modules/@types/node/http2.d.ts(1576,83): error TS1109: Expression expected.
node_modules/@types/node/http2.d.ts(1576,84): error TS1005: ';' expected.
node_modules/@types/node/http2.d.ts(1578,18): error TS1005: ',' expected.
node_modules/@types/node/http2.d.ts(1579,21): error TS1005: ',' expected.
node_modules/@types/node/http2.d.ts(1579,107): error TS1109: Expression expected.
node_modules/@types/node/http2.d.ts(1580,10): error TS1005: ';' expected.
node_modules/@types/node/http2.d.ts(1582,18): error TS1005: ',' expected.
node_modules/@types/node/http2.d.ts(1583,21): error TS1005: ',' expected.
node_modules/@types/node/http2.d.ts(1583,107): error TS1109: Expression expected.
node_modules/@types/node/http2.d.ts(1584,10): error TS1005: ';' expected.
node_modules/@types/node/http2.d.ts(1586,18): error TS1005: ',' expected.
node_modules/@types/node/http2.d.ts(1587,21): error TS1005: ',' expected.
node_modules/@types/node/http2.d.ts(1587,118): error TS1109: Expression expected.
node_modules/@types/node/http2.d.ts(1588,10): error TS1005: ';' expected.
node_modules/@types/node/http2.d.ts(1589,34): error TS1005: ',' expected.
node_modules/@types/node/http2.d.ts(1589,60): error TS1005: ',' expected.
node_modules/@types/node/http2.d.ts(1589,82): error TS1109: Expression expected.
node_modules/@types/node/http2.d.ts(1589,83): error TS1005: ';' expected.
node_modules/@types/node/http2.d.ts(1591,18): error TS1005: ',' expected.
node_modules/@types/node/http2.d.ts(1592,21): error TS1005: ',' expected.
node_modules/@types/node/http2.d.ts(1592,103): error TS1109: Expression expected.
node_modules/@types/node/http2.d.ts(1593,10): error TS1005: ';' expected.
node_modules/@types/node/http2.d.ts(1594,34): error TS1005: ',' expected.
node_modules/@types/node/http2.d.ts(1594,55): error TS1005: ',' expected.
node_modules/@types/node/http2.d.ts(1594,67): error TS1109: Expression expected.
node_modules/@types/node/http2.d.ts(1594,68): error TS1005: ';' expected.
node_modules/@types/node/http2.d.ts(1595,34): error TS1005: ',' expected.
node_modules/@types/node/http2.d.ts(1595,63): error TS1005: ',' expected.
node_modules/@types/node/http2.d.ts(1595,96): error TS1109: Expression expected.
node_modules/@types/node/http2.d.ts(1595,97): error TS1005: ';' expected.
node_modules/@types/node/http2.d.ts(1596,34): error TS1005: ',' expected.
node_modules/@types/node/http2.d.ts(1596,61): error TS1005: ',' expected.
node_modules/@types/node/http2.d.ts(1596,87): error TS1109: Expression expected.
node_modules/@types/node/http2.d.ts(1596,88): error TS1005: ';' expected.
node_modules/@types/node/http2.d.ts(2535,52): error TS1005: ',' expected.
node_modules/@types/node/http2.d.ts(2535,81): error TS1109: Expression expected.
node_modules/@types/node/http2.d.ts(2536,22): error TS1005: ';' expected.
node_modules/@types/node/http2.d.ts(2536,56): error TS1005: ';' expected.
node_modules/@types/node/http2.d.ts(2537,23): error TS1005: ';' expected.
node_modules/@types/node/http2.d.ts(2537,86): error TS1109: Expression expected.
node_modules/@types/node/http2.d.ts(2538,5): error TS1109: Expression expected.
node_modules/@types/node/http2.d.ts(2539,16): error TS1005: ')' expected.
node_modules/@types/node/http2.d.ts(2539,89): error TS1109: Expression expected.
node_modules/@types/node/http2.d.ts(2540,26): error TS1109: Expression expected.
node_modules/@types/node/http2.d.ts(2540,112): error TS1109: Expression expected.
node_modules/@types/node/http2.d.ts(2541,5): error TS1109: Expression expected.
node_modules/@types/node/http2.d.ts(2541,6): error TS1128: Declaration or statement expected.
node_modules/@types/node/http2.d.ts(2541,77): error TS1005: '(' expected.
node_modules/@types/node/http2.d.ts(2575,52): error TS1005: ',' expected.
node_modules/@types/node/http2.d.ts(2575,81): error TS1109: Expression expected.
node_modules/@types/node/http2.d.ts(2576,22): error TS1005: ';' expected.
node_modules/@types/node/http2.d.ts(2576,56): error TS1005: ';' expected.
node_modules/@types/node/http2.d.ts(2577,23): error TS1005: ';' expected.
node_modules/@types/node/http2.d.ts(2577,86): error TS1109: Expression expected.
node_modules/@types/node/http2.d.ts(2578,5): error TS1109: Expression expected.
node_modules/@types/node/http2.d.ts(2579,16): error TS1005: ')' expected.
node_modules/@types/node/http2.d.ts(2579,95): error TS1109: Expression expected.
node_modules/@types/node/http2.d.ts(2580,26): error TS1109: Expression expected.
node_modules/@types/node/http2.d.ts(2580,112): error TS1109: Expression expected.
node_modules/@types/node/http2.d.ts(2581,5): error TS1109: Expression expected.
node_modules/@types/node/http2.d.ts(2581,6): error TS1128: Declaration or statement expected.
node_modules/@types/node/http2.d.ts(2581,83): error TS1005: '(' expected.
node_modules/@types/node/http2.d.ts(2615,52): error TS1005: ',' expected.
node_modules/@types/node/http2.d.ts(2615,81): error TS1109: Expression expected.
node_modules/@types/node/http2.d.ts(2616,22): error TS1005: ';' expected.
node_modules/@types/node/http2.d.ts(2616,56): error TS1005: ';' expected.
node_modules/@types/node/http2.d.ts(2617,23): error TS1005: ';' expected.
node_modules/@types/node/http2.d.ts(2617,86): error TS1109: Expression expected.
node_modules/@types/node/http2.d.ts(2618,5): error TS1109: Expression expected.
node_modules/@types/node/http2.d.ts(2619,15): error TS1005: ')' expected.
node_modules/@types/node/http2.d.ts(2620,17): error TS1109: Expression expected.
node_modules/@types/node/http2.d.ts(2620,90): error TS1109: Expression expected.
node_modules/@types/node/http2.d.ts(2621,5): error TS1109: Expression expected.
node_modules/@types/node/http2.d.ts(2621,6): error TS1128: Declaration or statement expected.
node_modules/@types/node/http2.d.ts(2621,84): error TS1005: '(' expected.
node_modules/@types/node/https.d.ts(13,52): error TS1005: ',' expected.
node_modules/@types/node/https.d.ts(13,65): error TS1005: ',' expected.
node_modules/@types/node/https.d.ts(13,74): error TS1005: '(' expected.
node_modules/@types/node/https.d.ts(13,76): error TS1109: Expression expected.
node_modules/@types/node/https.d.ts(14,5): error TS1109: Expression expected.
node_modules/@types/node/https.d.ts(14,7): error TS1109: Expression expected.
node_modules/@types/node/https.d.ts(14,90): error TS1005: '(' expected.
node_modules/@types/node/https.d.ts(38,52): error TS1005: ',' expected.
node_modules/@types/node/https.d.ts(38,76): error TS1109: Expression expected.
node_modules/@types/node/https.d.ts(39,5): error TS1109: Expression expected.
node_modules/@types/node/https.d.ts(39,7): error TS1109: Expression expected.
node_modules/@types/node/https.d.ts(46,52): error TS1005: ',' expected.
node_modules/@types/node/https.d.ts(46,76): error TS1109: Expression expected.
node_modules/@types/node/https.d.ts(47,5): error TS1109: Expression expected.
node_modules/@types/node/https.d.ts(47,7): error TS1109: Expression expected.
node_modules/@types/node/https.d.ts(47,26): error TS1005: ';' expected.
node_modules/@types/node/https.d.ts(48,37): error TS1109: Expression expected.
node_modules/@types/node/https.d.ts(48,78): error TS1005: '(' expected.
node_modules/@types/node/https.d.ts(48,79): error TS1005: ')' expected.
node_modules/@types/node/https.d.ts(50,20): error TS1005: ',' expected.
node_modules/@types/node/https.d.ts(50,54): error TS1109: Expression expected.
node_modules/@types/node/https.d.ts(51,29): error TS1109: Expression expected.
node_modules/@types/node/https.d.ts(51,70): error TS1109: Expression expected.
node_modules/@types/node/https.d.ts(57,30): error TS1005: ';' expected.
node_modules/@types/node/https.d.ts(57,36): error TS1109: Expression expected.
node_modules/@types/node/https.d.ts(62,31): error TS1005: ';' expected.
node_modules/@types/node/https.d.ts(62,37): error TS1109: Expression expected.
node_modules/@types/node/https.d.ts(63,26): error TS1005: ',' expected.
node_modules/@types/node/https.d.ts(63,44): error TS1005: ',' expected.
node_modules/@types/node/https.d.ts(63,70): error TS1109: Expression expected.
node_modules/@types/node/https.d.ts(63,71): error TS1005: ';' expected.
node_modules/@types/node/https.d.ts(64,26): error TS1005: ',' expected.
node_modules/@types/node/https.d.ts(64,46): error TS1005: ',' expected.
node_modules/@types/node/https.d.ts(64,96): error TS1109: Expression expected.
node_modules/@types/node/https.d.ts(64,97): error TS1005: ';' expected.
node_modules/@types/node/https.d.ts(66,18): error TS1005: ',' expected.
node_modules/@types/node/https.d.ts(67,21): error TS1005: ',' expected.
node_modules/@types/node/https.d.ts(67,117): error TS1109: Expression expected.
node_modules/@types/node/https.d.ts(68,10): error TS1005: ';' expected.
node_modules/@types/node/https.d.ts(70,18): error TS1005: ',' expected.
node_modules/@types/node/https.d.ts(71,21): error TS1005: ',' expected.
node_modules/@types/node/https.d.ts(75,22): error TS1109: Expression expected.
node_modules/@types/node/https.d.ts(76,10): error TS1005: ';' expected.
node_modules/@types/node/https.d.ts(78,18): error TS1005: ',' expected.
node_modules/@types/node/https.d.ts(79,21): error TS1005: ',' expected.
node_modules/@types/node/https.d.ts(79,103): error TS1109: Expression expected.
node_modules/@types/node/https.d.ts(80,10): error TS1005: ';' expected.
node_modules/@types/node/https.d.ts(81,26): error TS1005: ',' expected.
node_modules/@types/node/https.d.ts(81,56): error TS1005: ',' expected.
node_modules/@types/node/https.d.ts(81,92): error TS1109: Expression expected.
node_modules/@types/node/https.d.ts(81,93): error TS1005: ';' expected.
node_modules/@types/node/https.d.ts(82,26): error TS1005: ',' expected.
node_modules/@types/node/https.d.ts(82,54): error TS1005: ',' expected.
node_modules/@types/node/https.d.ts(82,102): error TS1109: Expression expected.
node_modules/@types/node/https.d.ts(82,103): error TS1005: ';' expected.
node_modules/@types/node/https.d.ts(83,26): error TS1005: ',' expected.
node_modules/@types/node/https.d.ts(83,45): error TS1005: ',' expected.
node_modules/@types/node/https.d.ts(83,57): error TS1109: Expression expected.
node_modules/@types/node/https.d.ts(83,58): error TS1005: ';' expected.
node_modules/@types/node/https.d.ts(84,26): error TS1005: ',' expected.
node_modules/@types/node/https.d.ts(84,50): error TS1005: ',' expected.
node_modules/@types/node/https.d.ts(84,76): error TS1109: Expression expected.
node_modules/@types/node/https.d.ts(84,77): error TS1005: ';' expected.
node_modules/@types/node/https.d.ts(85,26): error TS1005: ',' expected.
node_modules/@types/node/https.d.ts(85,45): error TS1005: ',' expected.
node_modules/@types/node/https.d.ts(85,67): error TS1109: Expression expected.
node_modules/@types/node/https.d.ts(85,68): error TS1005: ';' expected.
node_modules/@types/node/https.d.ts(86,26): error TS1005: ',' expected.
node_modules/@types/node/https.d.ts(86,49): error TS1005: ',' expected.
node_modules/@types/node/https.d.ts(86,61): error TS1109: Expression expected.
node_modules/@types/node/https.d.ts(86,62): error TS1005: ';' expected.
node_modules/@types/node/https.d.ts(87,26): error TS1005: ',' expected.
node_modules/@types/node/https.d.ts(87,53): error TS1005: ',' expected.
node_modules/@types/node/https.d.ts(87,94): error TS1005: '(' expected.
node_modules/@types/node/https.d.ts(87,95): error TS1005: ',' expected.
node_modules/@types/node/https.d.ts(87,101): error TS1005: ')' expected.
node_modules/@types/node/https.d.ts(88,26): error TS1005: ',' expected.
node_modules/@types/node/https.d.ts(88,56): error TS1005: ',' expected.
node_modules/@types/node/https.d.ts(88,97): error TS1005: '(' expected.
node_modules/@types/node/https.d.ts(88,98): error TS1005: ',' expected.
node_modules/@types/node/https.d.ts(88,104): error TS1005: ')' expected.
node_modules/@types/node/https.d.ts(89,26): error TS1005: ',' expected.
node_modules/@types/node/https.d.ts(89,51): error TS1005: ',' expected.
node_modules/@types/node/https.d.ts(89,89): error TS1109: Expression expected.
node_modules/@types/node/https.d.ts(89,90): error TS1005: ';' expected.
node_modules/@types/node/https.d.ts(91,18): error TS1005: ',' expected.
node_modules/@types/node/https.d.ts(92,21): error TS1005: ',' expected.
node_modules/@types/node/https.d.ts(92,89): error TS1109: Expression expected.
node_modules/@types/node/https.d.ts(93,10): error TS1005: ';' expected.
node_modules/@types/node/https.d.ts(94,26): error TS1005: ',' expected.
node_modules/@types/node/https.d.ts(94,47): error TS1005: ',' expected.
node_modules/@types/node/https.d.ts(94,88): error TS1005: '(' expected.
node_modules/@types/node/https.d.ts(94,89): error TS1005: ',' expected.
node_modules/@types/node/https.d.ts(94,95): error TS1005: ')' expected.
node_modules/@types/node/https.d.ts(96,18): error TS1005: ',' expected.
node_modules/@types/node/https.d.ts(97,21): error TS1005: ',' expected.
node_modules/@types/node/https.d.ts(97,89): error TS1109: Expression expected.
node_modules/@types/node/https.d.ts(98,10): error TS1005: ';' expected.
node_modules/@types/node/https.d.ts(99,19): error TS1005: ',' expected.
node_modules/@types/node/https.d.ts(99,36): error TS1005: ',' expected.
node_modules/@types/node/https.d.ts(99,42): error TS1011: An element access expression should take an argument.
node_modules/@types/node/https.d.ts(99,44): error TS1005: ';' expected.
node_modules/@types/node/https.d.ts(100,19): error TS1005: ',' expected.
node_modules/@types/node/https.d.ts(100,35): error TS1005: ',' expected.
node_modules/@types/node/https.d.ts(100,54): error TS1005: ',' expected.
node_modules/@types/node/https.d.ts(100,70): error TS1005: ';' expected.
node_modules/@types/node/https.d.ts(102,18): error TS1005: ',' expected.
node_modules/@types/node/https.d.ts(103,22): error TS1005: ',' expected.
node_modules/@types/node/https.d.ts(104,24): error TS1005: ',' expected.
node_modules/@types/node/https.d.ts(105,21): error TS1005: ',' expected.
node_modules/@types/node/https.d.ts(105,57): error TS1109: Expression expected.
node_modules/@types/node/https.d.ts(106,10): error TS1005: ';' expected.
node_modules/@types/node/https.d.ts(108,18): error TS1005: ',' expected.
node_modules/@types/node/https.d.ts(109,24): error TS1005: ',' expected.
node_modules/@types/node/https.d.ts(110,19): error TS1005: ',' expected.
node_modules/@types/node/https.d.ts(111,21): error TS1005: ',' expected.
node_modules/@types/node/https.d.ts(111,64): error TS1109: Expression expected.
node_modules/@types/node/https.d.ts(112,10): error TS1005: ';' expected.
node_modules/@types/node/https.d.ts(113,19): error TS1005: ',' expected.
node_modules/@types/node/https.d.ts(113,47): error TS1005: ',' expected.
node_modules/@types/node/https.d.ts(113,65): error TS1005: ',' expected.
node_modules/@types/node/https.d.ts(113,108): error TS1109: Expression expected.
node_modules/@types/node/https.d.ts(113,109): error TS1005: ';' expected.
node_modules/@types/node/https.d.ts(114,19): error TS1005: ',' expected.
node_modules/@types/node/https.d.ts(114,50): error TS1005: ',' expected.
node_modules/@types/node/https.d.ts(114,66): error TS1005: ';' expected.
node_modules/@types/node/https.d.ts(115,19): error TS1005: ',' expected.
node_modules/@types/node/https.d.ts(115,42): error TS1005: ',' expected.
node_modules/@types/node/https.d.ts(115,60): error TS1005: ',' expected.
node_modules/@types/node/https.d.ts(115,76): error TS1005: ';' expected.
node_modules/@types/node/https.d.ts(116,19): error TS1005: ',' expected.
node_modules/@types/node/https.d.ts(116,29): error TS1005: ';' expected.
node_modules/@types/node/https.d.ts(117,19): error TS1005: ',' expected.
node_modules/@types/node/https.d.ts(117,41): error TS1005: ',' expected.
node_modules/@types/node/https.d.ts(117,50): error TS1005: ';' expected.
node_modules/@types/node/https.d.ts(118,19): error TS1005: ',' expected.
node_modules/@types/node/https.d.ts(118,33): error TS1005: ',' expected.
node_modules/@types/node/https.d.ts(118,41): error TS1005: ';' expected.
node_modules/@types/node/https.d.ts(119,19): error TS1005: ',' expected.
node_modules/@types/node/https.d.ts(119,33): error TS1005: ';' expected.
node_modules/@types/node/https.d.ts(121,18): error TS1005: ',' expected.
node_modules/@types/node/https.d.ts(122,16): error TS1005: ',' expected.
node_modules/@types/node/https.d.ts(122,39): error TS1109: Expression expected.
node_modules/@types/node/https.d.ts(123,16): error TS1005: ',' expected.
node_modules/@types/node/https.d.ts(123,40): error TS1109: Expression expected.
node_modules/@types/node/https.d.ts(124,10): error TS1005: ';' expected.
node_modules/@types/node/https.d.ts(126,18): error TS1005: ',' expected.
node_modules/@types/node/https.d.ts(127,16): error TS1005: ',' expected.
node_modules/@types/node/https.d.ts(127,39): error TS1109: Expression expected.
node_modules/@types/node/https.d.ts(128,16): error TS1005: ',' expected.
node_modules/@types/node/https.d.ts(128,40): error TS1109: Expression expected.
node_modules/@types/node/https.d.ts(129,10): error TS1005: ';' expected.
node_modules/@types/node/https.d.ts(130,19): error TS1005: ',' expected.
node_modules/@types/node/https.d.ts(130,39): error TS1005: ',' expected.
node_modules/@types/node/https.d.ts(130,54): error TS1005: ',' expected.
node_modules/@types/node/https.d.ts(130,63): error TS1005: ';' expected.
node_modules/@types/node/https.d.ts(131,19): error TS1005: ',' expected.
node_modules/@types/node/https.d.ts(131,35): error TS1005: ',' expected.
node_modules/@types/node/https.d.ts(131,58): error TS1109: Expression expected.
node_modules/@types/node/https.d.ts(131,66): error TS1005: ',' expected.
node_modules/@types/node/https.d.ts(131,80): error TS1005: ',' expected.
node_modules/@types/node/https.d.ts(131,89): error TS1005: ';' expected.
node_modules/@types/node/https.d.ts(133,18): error TS1005: ',' expected.
node_modules/@types/node/https.d.ts(134,16): error TS1005: ',' expected.
node_modules/@types/node/https.d.ts(134,39): error TS1109: Expression expected.
node_modules/@types/node/https.d.ts(135,16): error TS1005: ',' expected.
node_modules/@types/node/https.d.ts(135,40): error TS1109: Expression expected.
node_modules/@types/node/https.d.ts(136,10): error TS1005: ';' expected.
node_modules/@types/node/https.d.ts(137,19): error TS1005: ',' expected.
node_modules/@types/node/https.d.ts(137,35): error TS1005: ',' expected.
node_modules/@types/node/https.d.ts(137,58): error TS1109: Expression expected.
node_modules/@types/node/https.d.ts(137,66): error TS1005: ',' expected.
node_modules/@types/node/https.d.ts(137,80): error TS1005: ',' expected.
node_modules/@types/node/https.d.ts(137,89): error TS1005: ';' expected.
node_modules/@types/node/https.d.ts(138,17): error TS1005: ',' expected.
node_modules/@types/node/https.d.ts(138,35): error TS1005: ',' expected.
node_modules/@types/node/https.d.ts(138,61): error TS1109: Expression expected.
node_modules/@types/node/https.d.ts(138,62): error TS1005: ';' expected.
node_modules/@types/node/https.d.ts(139,17): error TS1005: ',' expected.
node_modules/@types/node/https.d.ts(139,37): error TS1005: ',' expected.
node_modules/@types/node/https.d.ts(139,87): error TS1109: Expression expected.
node_modules/@types/node/https.d.ts(139,88): error TS1005: ';' expected.
node_modules/@types/node/https.d.ts(141,18): error TS1005: ',' expected.
node_modules/@types/node/https.d.ts(142,21): error TS1005: ',' expected.
node_modules/@types/node/https.d.ts(142,117): error TS1109: Expression expected.
node_modules/@types/node/https.d.ts(143,10): error TS1005: ';' expected.
node_modules/@types/node/https.d.ts(145,18): error TS1005: ',' expected.
node_modules/@types/node/https.d.ts(146,21): error TS1005: ',' expected.
node_modules/@types/node/https.d.ts(150,22): error TS1109: Expression expected.
node_modules/@types/node/https.d.ts(151,10): error TS1005: ';' expected.
node_modules/@types/node/https.d.ts(153,18): error TS1005: ',' expected.
node_modules/@types/node/https.d.ts(154,21): error TS1005: ',' expected.
node_modules/@types/node/https.d.ts(154,103): error TS1109: Expression expected.
node_modules/@types/node/https.d.ts(155,10): error TS1005: ';' expected.
node_modules/@types/node/https.d.ts(156,17): error TS1005: ',' expected.
node_modules/@types/node/https.d.ts(156,47): error TS1005: ',' expected.
node_modules/@types/node/https.d.ts(156,83): error TS1109: Expression expected.
node_modules/@types/node/https.d.ts(156,84): error TS1005: ';' expected.
node_modules/@types/node/https.d.ts(157,17): error TS1005: ',' expected.
node_modules/@types/node/https.d.ts(157,45): error TS1005: ',' expected.
node_modules/@types/node/https.d.ts(157,93): error TS1109: Expression expected.
node_modules/@types/node/https.d.ts(157,94): error TS1005: ';' expected.
node_modules/@types/node/https.d.ts(158,17): error TS1005: ',' expected.
node_modules/@types/node/https.d.ts(158,36): error TS1005: ',' expected.
node_modules/@types/node/https.d.ts(158,48): error TS1109: Expression expected.
node_modules/@types/node/https.d.ts(158,49): error TS1005: ';' expected.
node_modules/@types/node/https.d.ts(159,17): error TS1005: ',' expected.
node_modules/@types/node/https.d.ts(159,41): error TS1005: ',' expected.
node_modules/@types/node/https.d.ts(159,67): error TS1109: Expression expected.
node_modules/@types/node/https.d.ts(159,68): error TS1005: ';' expected.
node_modules/@types/node/https.d.ts(160,17): error TS1005: ',' expected.
node_modules/@types/node/https.d.ts(160,36): error TS1005: ',' expected.
node_modules/@types/node/https.d.ts(160,58): error TS1109: Expression expected.
node_modules/@types/node/https.d.ts(160,59): error TS1005: ';' expected.
node_modules/@types/node/https.d.ts(161,17): error TS1005: ',' expected.
node_modules/@types/node/https.d.ts(161,40): error TS1005: ',' expected.
node_modules/@types/node/https.d.ts(161,52): error TS1109: Expression expected.
node_modules/@types/node/https.d.ts(161,53): error TS1005: ';' expected.
node_modules/@types/node/https.d.ts(162,17): error TS1005: ',' expected.
node_modules/@types/node/https.d.ts(162,44): error TS1005: ',' expected.
node_modules/@types/node/https.d.ts(162,85): error TS1005: '(' expected.
node_modules/@types/node/https.d.ts(162,86): error TS1005: ',' expected.
node_modules/@types/node/https.d.ts(162,92): error TS1005: ')' expected.
node_modules/@types/node/https.d.ts(163,17): error TS1005: ',' expected.
node_modules/@types/node/https.d.ts(163,47): error TS1005: ',' expected.
node_modules/@types/node/https.d.ts(163,88): error TS1005: '(' expected.
node_modules/@types/node/https.d.ts(163,89): error TS1005: ',' expected.
node_modules/@types/node/https.d.ts(163,95): error TS1005: ')' expected.
node_modules/@types/node/https.d.ts(164,17): error TS1005: ',' expected.
node_modules/@types/node/https.d.ts(164,42): error TS1005: ',' expected.
node_modules/@types/node/https.d.ts(164,80): error TS1109: Expression expected.
node_modules/@types/node/https.d.ts(164,81): error TS1005: ';' expected.
node_modules/@types/node/https.d.ts(165,17): error TS1005: ',' expected.
node_modules/@types/node/https.d.ts(165,38): error TS1005: ',' expected.
node_modules/@types/node/https.d.ts(165,106): error TS1109: Expression expected.
node_modules/@types/node/https.d.ts(165,107): error TS1005: ';' expected.
node_modules/@types/node/https.d.ts(166,17): error TS1005: ',' expected.
node_modules/@types/node/https.d.ts(166,38): error TS1005: ',' expected.
node_modules/@types/node/https.d.ts(166,79): error TS1005: '(' expected.
node_modules/@types/node/https.d.ts(166,80): error TS1005: ',' expected.
node_modules/@types/node/https.d.ts(166,86): error TS1005: ')' expected.
node_modules/@types/node/https.d.ts(167,17): error TS1005: ',' expected.
node_modules/@types/node/https.d.ts(167,38): error TS1005: ',' expected.
node_modules/@types/node/https.d.ts(167,106): error TS1109: Expression expected.
node_modules/@types/node/https.d.ts(167,107): error TS1005: ';' expected.
node_modules/@types/node/https.d.ts(168,19): error TS1005: ',' expected.
node_modules/@types/node/https.d.ts(168,37): error TS1005: ',' expected.
node_modules/@types/node/https.d.ts(168,63): error TS1109: Expression expected.
node_modules/@types/node/https.d.ts(168,64): error TS1005: ';' expected.
node_modules/@types/node/https.d.ts(169,19): error TS1005: ',' expected.
node_modules/@types/node/https.d.ts(169,39): error TS1005: ',' expected.
node_modules/@types/node/https.d.ts(169,89): error TS1109: Expression expected.
node_modules/@types/node/https.d.ts(169,90): error TS1005: ';' expected.
node_modules/@types/node/https.d.ts(171,18): error TS1005: ',' expected.
node_modules/@types/node/https.d.ts(172,21): error TS1005: ',' expected.
node_modules/@types/node/https.d.ts(172,117): error TS1109: Expression expected.
node_modules/@types/node/https.d.ts(173,10): error TS1005: ';' expected.
node_modules/@types/node/https.d.ts(175,18): error TS1005: ',' expected.
node_modules/@types/node/https.d.ts(176,21): error TS1005: ',' expected.
node_modules/@types/node/https.d.ts(180,22): error TS1109: Expression expected.
node_modules/@types/node/https.d.ts(181,10): error TS1005: ';' expected.
node_modules/@types/node/https.d.ts(183,18): error TS1005: ',' expected.
node_modules/@types/node/https.d.ts(184,21): error TS1005: ',' expected.
node_modules/@types/node/https.d.ts(184,103): error TS1109: Expression expected.
node_modules/@types/node/https.d.ts(185,10): error TS1005: ';' expected.
node_modules/@types/node/https.d.ts(186,19): error TS1005: ',' expected.
node_modules/@types/node/https.d.ts(186,49): error TS1005: ',' expected.
node_modules/@types/node/https.d.ts(186,85): error TS1109: Expression expected.
node_modules/@types/node/https.d.ts(186,86): error TS1005: ';' expected.
node_modules/@types/node/https.d.ts(187,19): error TS1005: ',' expected.
node_modules/@types/node/https.d.ts(187,47): error TS1005: ',' expected.
node_modules/@types/node/https.d.ts(187,95): error TS1109: Expression expected.
node_modules/@types/node/https.d.ts(187,96): error TS1005: ';' expected.
node_modules/@types/node/https.d.ts(188,19): error TS1005: ',' expected.
node_modules/@types/node/https.d.ts(188,38): error TS1005: ',' expected.
node_modules/@types/node/https.d.ts(188,50): error TS1109: Expression expected.
node_modules/@types/node/https.d.ts(188,51): error TS1005: ';' expected.
node_modules/@types/node/https.d.ts(189,19): error TS1005: ',' expected.
node_modules/@types/node/https.d.ts(189,43): error TS1005: ',' expected.
node_modules/@types/node/https.d.ts(189,69): error TS1109: Expression expected.
node_modules/@types/node/https.d.ts(189,70): error TS1005: ';' expected.
node_modules/@types/node/https.d.ts(190,19): error TS1005: ',' expected.
node_modules/@types/node/https.d.ts(190,38): error TS1005: ',' expected.
node_modules/@types/node/https.d.ts(190,60): error TS1109: Expression expected.
node_modules/@types/node/https.d.ts(190,61): error TS1005: ';' expected.
node_modules/@types/node/https.d.ts(191,19): error TS1005: ',' expected.
node_modules/@types/node/https.d.ts(191,42): error TS1005: ',' expected.
node_modules/@types/node/https.d.ts(191,54): error TS1109: Expression expected.
node_modules/@types/node/https.d.ts(191,55): error TS1005: ';' expected.
node_modules/@types/node/https.d.ts(192,19): error TS1005: ',' expected.
node_modules/@types/node/https.d.ts(192,46): error TS1005: ',' expected.
node_modules/@types/node/https.d.ts(192,87): error TS1005: '(' expected.
node_modules/@types/node/https.d.ts(192,88): error TS1005: ',' expected.
node_modules/@types/node/https.d.ts(192,94): error TS1005: ')' expected.
node_modules/@types/node/https.d.ts(193,19): error TS1005: ',' expected.
node_modules/@types/node/https.d.ts(193,49): error TS1005: ',' expected.
node_modules/@types/node/https.d.ts(193,90): error TS1005: '(' expected.
node_modules/@types/node/https.d.ts(193,91): error TS1005: ',' expected.
node_modules/@types/node/https.d.ts(193,97): error TS1005: ')' expected.
node_modules/@types/node/https.d.ts(194,19): error TS1005: ',' expected.
node_modules/@types/node/https.d.ts(194,44): error TS1005: ',' expected.
node_modules/@types/node/https.d.ts(194,82): error TS1109: Expression expected.
node_modules/@types/node/https.d.ts(194,83): error TS1005: ';' expected.
node_modules/@types/node/https.d.ts(195,19): error TS1005: ',' expected.
node_modules/@types/node/https.d.ts(195,40): error TS1005: ',' expected.
node_modules/@types/node/https.d.ts(195,108): error TS1109: Expression expected.
node_modules/@types/node/https.d.ts(195,109): error TS1005: ';' expected.
node_modules/@types/node/https.d.ts(196,19): error TS1005: ',' expected.
node_modules/@types/node/https.d.ts(196,40): error TS1005: ',' expected.
node_modules/@types/node/https.d.ts(196,81): error TS1005: '(' expected.
node_modules/@types/node/https.d.ts(196,82): error TS1005: ',' expected.
node_modules/@types/node/https.d.ts(196,88): error TS1005: ')' expected.
node_modules/@types/node/https.d.ts(197,19): error TS1005: ',' expected.
node_modules/@types/node/https.d.ts(197,40): error TS1005: ',' expected.
node_modules/@types/node/https.d.ts(197,108): error TS1109: Expression expected.
node_modules/@types/node/https.d.ts(197,109): error TS1005: ';' expected.
node_modules/@types/node/https.d.ts(198,30): error TS1005: ',' expected.
node_modules/@types/node/https.d.ts(198,48): error TS1005: ',' expected.
node_modules/@types/node/https.d.ts(198,74): error TS1109: Expression expected.
node_modules/@types/node/https.d.ts(198,75): error TS1005: ';' expected.
node_modules/@types/node/https.d.ts(199,30): error TS1005: ',' expected.
node_modules/@types/node/https.d.ts(199,50): error TS1005: ',' expected.
node_modules/@types/node/https.d.ts(199,100): error TS1109: Expression expected.
node_modules/@types/node/https.d.ts(199,101): error TS1005: ';' expected.
node_modules/@types/node/https.d.ts(201,18): error TS1005: ',' expected.
node_modules/@types/node/https.d.ts(202,21): error TS1005: ',' expected.
node_modules/@types/node/https.d.ts(202,117): error TS1109: Expression expected.
node_modules/@types/node/https.d.ts(203,10): error TS1005: ';' expected.
node_modules/@types/node/https.d.ts(205,18): error TS1005: ',' expected.
node_modules/@types/node/https.d.ts(206,21): error TS1005: ',' expected.
node_modules/@types/node/https.d.ts(210,22): error TS1109: Expression expected.
node_modules/@types/node/https.d.ts(211,10): error TS1005: ';' expected.
node_modules/@types/node/https.d.ts(213,18): error TS1005: ',' expected.
node_modules/@types/node/https.d.ts(214,21): error TS1005: ',' expected.
node_modules/@types/node/https.d.ts(214,103): error TS1109: Expression expected.
node_modules/@types/node/https.d.ts(215,10): error TS1005: ';' expected.
node_modules/@types/node/https.d.ts(216,30): error TS1005: ',' expected.
node_modules/@types/node/https.d.ts(216,60): error TS1005: ',' expected.
node_modules/@types/node/https.d.ts(216,96): error TS1109: Expression expected.
node_modules/@types/node/https.d.ts(216,97): error TS1005: ';' expected.
node_modules/@types/node/https.d.ts(217,30): error TS1005: ',' expected.
node_modules/@types/node/https.d.ts(217,58): error TS1005: ',' expected.
node_modules/@types/node/https.d.ts(217,106): error TS1109: Expression expected.
node_modules/@types/node/https.d.ts(217,107): error TS1005: ';' expected.
node_modules/@types/node/https.d.ts(218,30): error TS1005: ',' expected.
node_modules/@types/node/https.d.ts(218,49): error TS1005: ',' expected.
node_modules/@types/node/https.d.ts(218,61): error TS1109: Expression expected.
node_modules/@types/node/https.d.ts(218,62): error TS1005: ';' expected.
node_modules/@types/node/https.d.ts(219,30): error TS1005: ',' expected.
node_modules/@types/node/https.d.ts(219,54): error TS1005: ',' expected.
node_modules/@types/node/https.d.ts(219,80): error TS1109: Expression expected.
node_modules/@types/node/https.d.ts(219,81): error TS1005: ';' expected.
node_modules/@types/node/https.d.ts(220,30): error TS1005: ',' expected.
node_modules/@types/node/https.d.ts(220,49): error TS1005: ',' expected.
node_modules/@types/node/https.d.ts(220,71): error TS1109: Expression expected.
node_modules/@types/node/https.d.ts(220,72): error TS1005: ';' expected.
node_modules/@types/node/https.d.ts(221,30): error TS1005: ',' expected.
node_modules/@types/node/https.d.ts(221,53): error TS1005: ',' expected.
node_modules/@types/node/https.d.ts(221,65): error TS1109: Expression expected.
node_modules/@types/node/https.d.ts(221,66): error TS1005: ';' expected.
node_modules/@types/node/https.d.ts(222,30): error TS1005: ',' expected.
node_modules/@types/node/https.d.ts(222,57): error TS1005: ',' expected.
node_modules/@types/node/https.d.ts(222,98): error TS1005: '(' expected.
node_modules/@types/node/https.d.ts(222,99): error TS1005: ',' expected.
node_modules/@types/node/https.d.ts(222,105): error TS1005: ')' expected.
node_modules/@types/node/https.d.ts(223,30): error TS1005: ',' expected.
node_modules/@types/node/https.d.ts(223,60): error TS1005: ',' expected.
node_modules/@types/node/https.d.ts(223,101): error TS1005: '(' expected.
node_modules/@types/node/https.d.ts(223,102): error TS1005: ',' expected.
node_modules/@types/node/https.d.ts(223,108): error TS1005: ')' expected.
node_modules/@types/node/https.d.ts(224,30): error TS1005: ',' expected.
node_modules/@types/node/https.d.ts(224,55): error TS1005: ',' expected.
node_modules/@types/node/https.d.ts(224,93): error TS1109: Expression expected.
node_modules/@types/node/https.d.ts(224,94): error TS1005: ';' expected.
node_modules/@types/node/https.d.ts(226,18): error TS1005: ',' expected.
node_modules/@types/node/https.d.ts(227,21): error TS1005: ',' expected.
node_modules/@types/node/https.d.ts(227,89): error TS1109: Expression expected.
node_modules/@types/node/https.d.ts(228,10): error TS1005: ';' expected.
node_modules/@types/node/https.d.ts(229,30): error TS1005: ',' expected.
node_modules/@types/node/https.d.ts(229,51): error TS1005: ',' expected.
node_modules/@types/node/https.d.ts(229,92): error TS1005: '(' expected.
node_modules/@types/node/https.d.ts(229,93): error TS1005: ',' expected.
node_modules/@types/node/https.d.ts(229,99): error TS1005: ')' expected.
node_modules/@types/node/https.d.ts(231,18): error TS1005: ',' expected.
node_modules/@types/node/https.d.ts(232,21): error TS1005: ',' expected.
node_modules/@types/node/https.d.ts(232,89): error TS1109: Expression expected.
node_modules/@types/node/https.d.ts(233,10): error TS1005: ';' expected.
node_modules/@types/node/https.d.ts(234,34): error TS1005: ',' expected.
node_modules/@types/node/https.d.ts(234,52): error TS1005: ',' expected.
node_modules/@types/node/https.d.ts(234,78): error TS1109: Expression expected.
node_modules/@types/node/https.d.ts(234,79): error TS1005: ';' expected.
node_modules/@types/node/https.d.ts(235,34): error TS1005: ',' expected.
node_modules/@types/node/https.d.ts(235,54): error TS1005: ',' expected.
node_modules/@types/node/https.d.ts(235,104): error TS1109: Expression expected.
node_modules/@types/node/https.d.ts(235,105): error TS1005: ';' expected.
node_modules/@types/node/https.d.ts(237,18): error TS1005: ',' expected.
node_modules/@types/node/https.d.ts(238,21): error TS1005: ',' expected.
node_modules/@types/node/https.d.ts(238,117): error TS1109: Expression expected.
node_modules/@types/node/https.d.ts(239,10): error TS1005: ';' expected.
node_modules/@types/node/https.d.ts(241,18): error TS1005: ',' expected.
node_modules/@types/node/https.d.ts(242,21): error TS1005: ',' expected.
node_modules/@types/node/https.d.ts(246,22): error TS1109: Expression expected.
node_modules/@types/node/https.d.ts(247,10): error TS1005: ';' expected.
node_modules/@types/node/https.d.ts(249,18): error TS1005: ',' expected.
node_modules/@types/node/https.d.ts(250,21): error TS1005: ',' expected.
node_modules/@types/node/https.d.ts(250,103): error TS1109: Expression expected.
node_modules/@types/node/https.d.ts(251,10): error TS1005: ';' expected.
node_modules/@types/node/https.d.ts(252,34): error TS1005: ',' expected.
node_modules/@types/node/https.d.ts(252,64): error TS1005: ',' expected.
node_modules/@types/node/https.d.ts(252,100): error TS1109: Expression expected.
node_modules/@types/node/https.d.ts(252,101): error TS1005: ';' expected.
node_modules/@types/node/https.d.ts(253,34): error TS1005: ',' expected.
node_modules/@types/node/https.d.ts(253,62): error TS1005: ',' expected.
node_modules/@types/node/https.d.ts(253,110): error TS1109: Expression expected.
node_modules/@types/node/https.d.ts(253,111): error TS1005: ';' expected.
node_modules/@types/node/https.d.ts(254,34): error TS1005: ',' expected.
node_modules/@types/node/https.d.ts(254,53): error TS1005: ',' expected.
node_modules/@types/node/https.d.ts(254,65): error TS1109: Expression expected.
node_modules/@types/node/https.d.ts(254,66): error TS1005: ';' expected.
node_modules/@types/node/https.d.ts(255,34): error TS1005: ',' expected.
node_modules/@types/node/https.d.ts(255,58): error TS1005: ',' expected.
node_modules/@types/node/https.d.ts(255,84): error TS1109: Expression expected.
node_modules/@types/node/https.d.ts(255,85): error TS1005: ';' expected.
node_modules/@types/node/https.d.ts(256,34): error TS1005: ',' expected.
node_modules/@types/node/https.d.ts(256,53): error TS1005: ',' expected.
node_modules/@types/node/https.d.ts(256,75): error TS1109: Expression expected.
node_modules/@types/node/https.d.ts(256,76): error TS1005: ';' expected.
node_modules/@types/node/https.d.ts(257,34): error TS1005: ',' expected.
node_modules/@types/node/https.d.ts(257,57): error TS1005: ',' expected.
node_modules/@types/node/https.d.ts(257,69): error TS1109: Expression expected.
node_modules/@types/node/https.d.ts(257,70): error TS1005: ';' expected.
node_modules/@types/node/https.d.ts(258,34): error TS1005: ',' expected.
node_modules/@types/node/https.d.ts(258,61): error TS1005: ',' expected.
node_modules/@types/node/https.d.ts(258,102): error TS1005: '(' expected.
node_modules/@types/node/https.d.ts(258,103): error TS1005: ',' expected.
node_modules/@types/node/https.d.ts(258,109): error TS1005: ')' expected.
node_modules/@types/node/https.d.ts(259,34): error TS1005: ',' expected.
node_modules/@types/node/https.d.ts(259,64): error TS1005: ',' expected.
node_modules/@types/node/https.d.ts(259,105): error TS1005: '(' expected.
node_modules/@types/node/https.d.ts(259,106): error TS1005: ',' expected.
node_modules/@types/node/https.d.ts(259,112): error TS1005: ')' expected.
node_modules/@types/node/https.d.ts(260,34): error TS1005: ',' expected.
node_modules/@types/node/https.d.ts(260,59): error TS1005: ',' expected.
node_modules/@types/node/https.d.ts(260,97): error TS1109: Expression expected.
node_modules/@types/node/https.d.ts(260,98): error TS1005: ';' expected.
node_modules/@types/node/https.d.ts(262,18): error TS1005: ',' expected.
node_modules/@types/node/https.d.ts(263,21): error TS1005: ',' expected.
node_modules/@types/node/https.d.ts(263,89): error TS1109: Expression expected.
node_modules/@types/node/https.d.ts(264,10): error TS1005: ';' expected.
node_modules/@types/node/https.d.ts(265,34): error TS1005: ',' expected.
node_modules/@types/node/https.d.ts(265,55): error TS1005: ',' expected.
node_modules/@types/node/https.d.ts(265,96): error TS1005: '(' expected.
node_modules/@types/node/https.d.ts(265,97): error TS1005: ',' expected.
node_modules/@types/node/https.d.ts(265,103): error TS1005: ')' expected.
node_modules/@types/node/https.d.ts(267,18): error TS1005: ',' expected.
node_modules/@types/node/https.d.ts(268,21): error TS1005: ',' expected.
node_modules/@types/node/https.d.ts(268,89): error TS1109: Expression expected.
node_modules/@types/node/https.d.ts(269,10): error TS1005: ';' expected.
node_modules/@types/node/https.d.ts(310,52): error TS1005: ',' expected.
node_modules/@types/node/https.d.ts(310,76): error TS1109: Expression expected.
node_modules/@types/node/https.d.ts(311,5): error TS1109: Expression expected.
node_modules/@types/node/https.d.ts(311,23): error TS1109: Expression expected.
node_modules/@types/node/https.d.ts(311,64): error TS1005: '(' expected.
node_modules/@types/node/https.d.ts(311,65): error TS1005: ')' expected.
node_modules/@types/node/https.d.ts(311,92): error TS1005: '(' expected.
node_modules/@types/node/https.d.ts(314,52): error TS1005: ',' expected.
node_modules/@types/node/https.d.ts(314,76): error TS1109: Expression expected.
node_modules/@types/node/https.d.ts(315,5): error TS1109: Expression expected.
node_modules/@types/node/https.d.ts(316,16): error TS1005: ')' expected.
node_modules/@types/node/https.d.ts(316,50): error TS1109: Expression expected.
node_modules/@types/node/https.d.ts(317,25): error TS1109: Expression expected.
node_modules/@types/node/https.d.ts(317,66): error TS1109: Expression expected.
node_modules/@types/node/https.d.ts(318,5): error TS1109: Expression expected.
node_modules/@types/node/https.d.ts(318,6): error TS1128: Declaration or statement expected.
node_modules/@types/node/https.d.ts(318,33): error TS1005: '(' expected.
node_modules/@types/node/stream/web.d.ts(481,56): error TS1005: '?' expected.
node_modules/date-fns/clamp.d.ts(18,59): error TS1005: '?' expected.
node_modules/date-fns/closestTo.d.ts(18,63): error TS1005: '?' expected.
node_modules/date-fns/interval.d.ts(21,62): error TS1005: '?' expected.
node_modules/langsmith/dist/singletons/types.d.ts(6,29): error TS1005: '?' expected.
node_modules/next/dist/server/lib/router-utils/filesystem.d.ts(71,72): error TS1005: '>' expected.
node_modules/next/dist/server/lib/router-utils/filesystem.d.ts(71,81): error TS1005: '(' expected.
node_modules/next/dist/server/lib/router-utils/filesystem.d.ts(72,35): error TS1005: '(' expected.
node_modules/next/dist/server/lib/router-utils/filesystem.d.ts(75,22): error TS1005: ',' expected.
node_modules/next/dist/server/lib/router-utils/filesystem.d.ts(75,58): error TS1005: '(' expected.
node_modules/next/dist/server/lib/router-utils/filesystem.d.ts(75,70): error TS1005: ',' expected.
node_modules/next/dist/server/lib/router-utils/filesystem.d.ts(75,76): error TS1109: Expression expected.
node_modules/next/dist/server/lib/router-utils/filesystem.d.ts(76,21): error TS1005: ',' expected.
node_modules/next/dist/server/lib/router-utils/filesystem.d.ts(76,30): error TS1005: ';' expected.
node_modules/next/dist/server/lib/router-utils/filesystem.d.ts(76,56): error TS1005: '(' expected.
node_modules/next/dist/server/lib/router-utils/filesystem.d.ts(77,23): error TS1005: ';' expected.
node_modules/next/dist/server/lib/router-utils/filesystem.d.ts(77,48): error TS1011: An element access expression should take an argument.
node_modules/next/dist/server/lib/router-utils/filesystem.d.ts(78,28): error TS1005: ';' expected.
node_modules/next/dist/server/lib/router-utils/filesystem.d.ts(79,1): error TS1128: Declaration or statement expected.
node_modules/next/dist/server/lib/router-utils/filesystem.d.ts(79,2): error TS1109: Expression expected.
node_modules/next/dist/server/lib/router-utils/filesystem.d.ts(79,3): error TS1109: Expression expected.
node_modules/nuqs/dist/_tsup-dts-rollup.d.ts(241,88): error TS1005: '>' expected.
node_modules/nuqs/dist/_tsup-dts-rollup.d.ts(241,97): error TS1109: Expression expected.
node_modules/nuqs/dist/_tsup-dts-rollup.d.ts(241,98): error TS1109: Expression expected.
node_modules/zod/v4/core/api.d.cts(205,32): error TS1139: Type parameter declaration expected.
node_modules/zod/v4/core/api.d.cts(205,40): error TS1005: ',' expected.
node_modules/zod/v4/core/api.d.cts(205,57): error TS1005: ',' expected.
node_modules/zod/v4/core/api.d.cts(205,64): error TS1005: ',' expected.
node_modules/zod/v4/core/api.d.cts(205,75): error TS1005: ',' expected.
node_modules/zod/v4/core/api.d.cts(205,77): error TS1005: ',' expected.
node_modules/zod/v4/core/api.d.cts(205,84): error TS1005: ')' expected.
node_modules/zod/v4/core/api.d.cts(205,121): error TS1109: Expression expected.
node_modules/zod/v4/core/api.d.cts(205,130): error TS1005: ';' expected.
node_modules/zod/v4/core/api.d.cts(205,142): error TS1109: Expression expected.
node_modules/zod/v4/core/api.d.cts(205,168): error TS1005: ';' expected.
node_modules/zod/v4/core/api.d.cts(205,169): error TS1128: Declaration or statement expected.
node_modules/zod/v4/core/api.d.cts(205,191): error TS1005: '(' expected.
node_modules/zod/v4/core/api.d.cts(226,31): error TS1139: Type parameter declaration expected.
node_modules/zod/v4/core/api.d.cts(226,39): error TS1005: ',' expected.
node_modules/zod/v4/core/api.d.cts(226,53): error TS1005: ',' expected.
node_modules/zod/v4/core/api.d.cts(226,55): error TS1005: ',' expected.
node_modules/zod/v4/core/api.d.cts(226,62): error TS1005: ')' expected.
node_modules/zod/v4/core/api.d.cts(226,98): error TS1109: Expression expected.
node_modules/zod/v4/core/api.d.cts(226,106): error TS1005: ';' expected.
node_modules/zod/v4/core/api.d.cts(226,118): error TS1109: Expression expected.
node_modules/zod/v4/core/api.d.cts(226,143): error TS1005: ';' expected.
node_modules/zod/v4/core/api.d.cts(226,144): error TS1128: Declaration or statement expected.
node_modules/zod/v4/core/api.d.cts(226,186): error TS1005: '(' expected.
node_modules/zod/v4/core/api.d.cts(237,34): error TS1139: Type parameter declaration expected.
node_modules/zod/v4/core/api.d.cts(237,42): error TS1005: ',' expected.
node_modules/zod/v4/core/api.d.cts(237,55): error TS1005: ',' expected.
node_modules/zod/v4/core/api.d.cts(237,69): error TS1109: Expression expected.
node_modules/zod/v4/core/api.d.cts(237,76): error TS1005: ')' expected.
node_modules/zod/v4/core/api.d.cts(237,115): error TS1109: Expression expected.
node_modules/zod/v4/core/api.d.cts(237,122): error TS1005: ';' expected.
node_modules/zod/v4/core/api.d.cts(237,134): error TS1109: Expression expected.
node_modules/zod/v4/core/api.d.cts(237,162): error TS1005: ';' expected.
node_modules/zod/v4/core/api.d.cts(237,163): error TS1128: Declaration or statement expected.
node_modules/zod/v4/core/api.d.cts(237,195): error TS1005: '(' expected.
node_modules/zod/v4/core/api.d.cts(238,34): error TS1139: Type parameter declaration expected.
node_modules/zod/v4/core/api.d.cts(238,42): error TS1005: ',' expected.
node_modules/zod/v4/core/api.d.cts(238,54): error TS1005: ',' expected.
node_modules/zod/v4/core/api.d.cts(238,62): error TS1005: ',' expected.
node_modules/zod/v4/core/api.d.cts(238,69): error TS1005: ')' expected.
node_modules/zod/v4/core/api.d.cts(238,108): error TS1109: Expression expected.
node_modules/zod/v4/core/api.d.cts(238,115): error TS1005: ';' expected.
node_modules/zod/v4/core/api.d.cts(238,127): error TS1109: Expression expected.
node_modules/zod/v4/core/api.d.cts(238,155): error TS1005: ';' expected.
node_modules/zod/v4/core/api.d.cts(238,156): error TS1128: Declaration or statement expected.
node_modules/zod/v4/core/api.d.cts(238,180): error TS1005: '(' expected.
node_modules/zod/v4/core/api.d.cts(256,31): error TS1139: Type parameter declaration expected.
node_modules/zod/v4/core/api.d.cts(256,39): error TS1005: ',' expected.
node_modules/zod/v4/core/api.d.cts(256,54): error TS1005: ',' expected.
node_modules/zod/v4/core/api.d.cts(256,67): error TS1005: ',' expected.
node_modules/zod/v4/core/api.d.cts(256,82): error TS1005: ',' expected.
node_modules/zod/v4/core/api.d.cts(256,91): error TS1005: ',' expected.
node_modules/zod/v4/core/api.d.cts(256,99): error TS1005: '>' expected.
node_modules/zod/v4/core/api.d.cts(256,117): error TS1109: Expression expected.
node_modules/zod/v4/core/api.d.cts(256,167): error TS1005: ')' expected.
node_modules/zod/v4/core/api.d.cts(256,203): error TS1109: Expression expected.
node_modules/zod/v4/core/api.d.cts(256,208): error TS1005: ';' expected.
node_modules/zod/v4/core/api.d.cts(256,216): error TS1005: ';' expected.
node_modules/zod/v4/core/api.d.cts(256,263): error TS1005: '(' expected.
node_modules/zod/v4/core/api.d.cts(256,264): error TS1005: ';' expected.
node_modules/zod/v4/core/api.d.cts(256,288): error TS1005: '(' expected.
node_modules/zod/v4/core/api.d.cts(260,42): error TS1139: Type parameter declaration expected.
node_modules/zod/v4/core/api.d.cts(260,54): error TS1005: ',' expected.
node_modules/zod/v4/core/api.d.cts(260,69): error TS1005: ',' expected.
node_modules/zod/v4/core/api.d.cts(260,93): error TS1005: ',' expected.
node_modules/zod/v4/core/api.d.cts(260,95): error TS1005: ',' expected.
node_modules/zod/v4/core/api.d.cts(260,102): error TS1005: ')' expected.
node_modules/zod/v4/core/api.d.cts(260,149): error TS1109: Expression expected.
node_modules/zod/v4/core/api.d.cts(260,156): error TS1005: ';' expected.
node_modules/zod/v4/core/api.d.cts(260,172): error TS1109: Expression expected.
node_modules/zod/v4/core/api.d.cts(260,208): error TS1005: ';' expected.
node_modules/zod/v4/core/api.d.cts(260,209): error TS1128: Declaration or statement expected.
node_modules/zod/v4/core/api.d.cts(260,278): error TS1005: '(' expected.
node_modules/zod/v4/core/checks.d.cts(20,28): error TS1139: Type parameter declaration expected.
node_modules/zod/v4/core/checks.d.cts(20,33): error TS1005: ';' expected.
node_modules/zod/v4/core/checks.d.cts(21,32): error TS1005: '(' expected.
node_modules/zod/v4/core/function.d.cts(26,11): error TS1139: Type parameter declaration expected.
node_modules/zod/v4/core/function.d.cts(26,17): error TS1434: Unexpected keyword or identifier.
node_modules/zod/v4/core/function.d.cts(26,23): error TS1068: Unexpected token. A constructor, method, accessor, or property was expected.
node_modules/zod/v4/core/function.d.cts(26,31): error TS1434: Unexpected keyword or identifier.
node_modules/zod/v4/core/function.d.cts(26,35): error TS1068: Unexpected token. A constructor, method, accessor, or property was expected.
node_modules/zod/v4/core/function.d.cts(26,36): error TS1434: Unexpected keyword or identifier.
node_modules/zod/v4/core/function.d.cts(26,46): error TS1068: Unexpected token. A constructor, method, accessor, or property was expected.
node_modules/zod/v4/core/function.d.cts(26,54): error TS1434: Unexpected keyword or identifier.
node_modules/zod/v4/core/function.d.cts(26,59): error TS1068: Unexpected token. A constructor, method, accessor, or property was expected.
node_modules/zod/v4/core/function.d.cts(26,106): error TS1005: ')' expected.
node_modules/zod/v4/core/function.d.cts(26,108): error TS1434: Unexpected keyword or identifier.
node_modules/zod/v4/core/function.d.cts(26,113): error TS1068: Unexpected token. A constructor, method, accessor, or property was expected.
node_modules/zod/v4/core/function.d.cts(26,126): error TS1442: Expected '=' for property initializer.
node_modules/zod/v4/core/function.d.cts(26,127): error TS1068: Unexpected token. A constructor, method, accessor, or property was expected.
node_modules/zod/v4/core/function.d.cts(26,149): error TS1005: ',' expected.
node_modules/zod/v4/core/function.d.cts(26,159): error TS1005: ',' expected.
node_modules/zod/v4/core/function.d.cts(26,165): error TS1005: '>' expected.
node_modules/zod/v4/core/function.d.cts(26,172): error TS1109: Expression expected.
node_modules/zod/v4/core/function.d.cts(26,182): error TS1109: Expression expected.
node_modules/zod/v4/core/function.d.cts(27,41): error TS1005: '?' expected.
node_modules/zod/v4/core/function.d.cts(27,47): error TS1005: ',' expected.
node_modules/zod/v4/core/function.d.cts(27,57): error TS1005: ';' expected.
node_modules/zod/v4/core/function.d.cts(27,89): error TS1005: '(' expected.
node_modules/zod/v4/core/function.d.cts(28,47): error TS1005: '?' expected.
node_modules/zod/v4/core/function.d.cts(28,55): error TS1005: ',' expected.
node_modules/zod/v4/core/function.d.cts(28,68): error TS1005: ';' expected.
node_modules/zod/v4/core/function.d.cts(28,100): error TS1005: '(' expected.
node_modules/zod/v4/core/function.d.cts(29,1): error TS1128: Declaration or statement expected.
node_modules/zod/v4/core/function.d.cts(35,28): error TS1139: Type parameter declaration expected.
node_modules/zod/v4/core/function.d.cts(35,37): error TS1005: ',' expected.
node_modules/zod/v4/core/function.d.cts(35,50): error TS1005: ',' expected.
node_modules/zod/v4/core/function.d.cts(35,69): error TS1109: Expression expected.
node_modules/zod/v4/core/function.d.cts(35,102): error TS1005: ')' expected.
node_modules/zod/v4/core/function.d.cts(37,2): error TS1128: Declaration or statement expected.
node_modules/zod/v4/core/function.d.cts(37,3): error TS1128: Declaration or statement expected.
node_modules/zod/v4/core/function.d.cts(37,55): error TS1005: '(' expected.
node_modules/zod/v4/core/function.d.cts(38,28): error TS1139: Type parameter declaration expected.
node_modules/zod/v4/core/function.d.cts(38,37): error TS1005: ',' expected.
node_modules/zod/v4/core/function.d.cts(38,50): error TS1005: ',' expected.
node_modules/zod/v4/core/function.d.cts(38,69): error TS1109: Expression expected.
node_modules/zod/v4/core/function.d.cts(38,94): error TS1109: Expression expected.
node_modules/zod/v4/core/function.d.cts(38,96): error TS1109: Expression expected.
node_modules/zod/v4/core/function.d.cts(38,106): error TS1005: ',' expected.
node_modules/zod/v4/core/function.d.cts(38,155): error TS1005: ')' expected.
node_modules/zod/v4/core/function.d.cts(39,14): error TS1005: ',' expected.
node_modules/zod/v4/core/function.d.cts(41,1): error TS1128: Declaration or statement expected.
node_modules/zod/v4/core/function.d.cts(41,2): error TS1128: Declaration or statement expected.
node_modules/zod/v4/core/function.d.cts(41,3): error TS1128: Declaration or statement expected.
node_modules/zod/v4/core/function.d.cts(41,43): error TS1005: '(' expected.
node_modules/zod/v4/core/function.d.cts(42,28): error TS1139: Type parameter declaration expected.
node_modules/zod/v4/core/function.d.cts(42,37): error TS1005: ',' expected.
node_modules/zod/v4/core/function.d.cts(42,84): error TS1005: ')' expected.
node_modules/zod/v4/core/function.d.cts(43,14): error TS1005: ',' expected.
node_modules/zod/v4/core/function.d.cts(44,1): error TS1128: Declaration or statement expected.
node_modules/zod/v4/core/function.d.cts(44,2): error TS1128: Declaration or statement expected.
node_modules/zod/v4/core/function.d.cts(44,3): error TS1128: Declaration or statement expected.
node_modules/zod/v4/core/function.d.cts(44,38): error TS1005: '(' expected.
node_modules/zod/v4/core/function.d.cts(45,28): error TS1139: Type parameter declaration expected.
node_modules/zod/v4/core/function.d.cts(45,38): error TS1005: ',' expected.
node_modules/zod/v4/core/function.d.cts(45,87): error TS1005: ')' expected.
node_modules/zod/v4/core/function.d.cts(46,16): error TS1005: ',' expected.
node_modules/zod/v4/core/function.d.cts(47,1): error TS1128: Declaration or statement expected.
node_modules/zod/v4/core/function.d.cts(47,2): error TS1128: Declaration or statement expected.
node_modules/zod/v4/core/function.d.cts(47,3): error TS1128: Declaration or statement expected.
node_modules/zod/v4/core/function.d.cts(47,38): error TS1005: '(' expected.
node_modules/zod/v4/core/schemas.d.cts(73,40): error TS1005: ',' expected.
node_modules/zod/v4/core/schemas.d.cts(73,57): error TS1005: ',' expected.
node_modules/zod/v4/core/schemas.d.cts(581,5): error TS1005: ',' expected.
node_modules/zod/v4/core/schemas.d.cts(581,66): error TS1005: ',' expected.
node_modules/zod/v4/core/schemas.d.cts(592,5): error TS1005: ',' expected.
node_modules/zod/v4/core/schemas.d.cts(592,66): error TS1005: ',' expected.
node_modules/zod/v4/core/schemas.d.cts(658,39): error TS1005: '?' expected.
node_modules/zod/v4/core/schemas.d.cts(660,1): error TS1005: '?' expected.
node_modules/zod/v4/core/schemas.d.cts(669,39): error TS1005: '?' expected.
node_modules/zod/v4/core/schemas.d.cts(671,1): error TS1005: '?' expected.
node_modules/zod/v4/core/schemas.d.cts(738,5): error TS1005: ',' expected.
node_modules/zod/v4/core/schemas.d.cts(979,250): error TS1005: '?' expected.
node_modules/zod/v4/core/schemas.d.cts(979,258): error TS1005: ':' expected.
node_modules/zod/v4/core/schemas.d.cts(979,270): error TS1005: '}' expected.
node_modules/zod/v4/core/schemas.d.cts(979,298): error TS1005: ';' expected.
node_modules/zod/v4/core/schemas.d.cts(979,305): error TS1128: Declaration or statement expected.
node_modules/zod/v4/core/schemas.d.cts(983,83): error TS1005: ';' expected.
node_modules/zod/v4/core/schemas.d.cts(983,91): error TS1434: Unexpected keyword or identifier.
node_modules/zod/v4/core/schemas.d.cts(983,124): error TS1005: '(' expected.
node_modules/zod/v4/core/schemas.d.cts(985,57): error TS1005: ';' expected.
node_modules/zod/v4/core/schemas.d.cts(985,91): error TS1005: '(' expected.
node_modules/zod/v4/core/schemas.d.cts(985,125): error TS1005: ';' expected.
node_modules/zod/v4/core/schemas.d.cts(985,149): error TS1109: Expression expected.
node_modules/zod/v4/core/schemas.d.cts(985,157): error TS1434: Unexpected keyword or identifier.
node_modules/zod/v4/core/schemas.d.cts(985,163): error TS1434: Unexpected keyword or identifier.
node_modules/zod/v4/core/schemas.d.cts(985,165): error TS1128: Declaration or statement expected.
node_modules/zod/v4/core/schemas.d.cts(985,213): error TS1005: '(' expected.
node_modules/zod/v4/core/schemas.d.cts(985,220): error TS1005: ',' expected.
node_modules/zod/v4/core/schemas.d.cts(1042,1): error TS1160: Unterminated template literal.
tsconfig.json(5,13): error TS6046: Argument for '--lib' option must be: 'es5', 'es6', 'es2015', 'es7', 'es2016', 'es2017', 'es2018', 'es2019', 'es2020', 'es2021', 'esnext', 'dom', 'dom.iterable', 'webworker', 'webworker.importscripts', 'webworker.iterable', 'scripthost', 'es2015.core', 'es2015.collection', 'es2015.generator', 'es2015.iterable', 'es2015.promise', 'es2015.proxy', 'es2015.reflect', 'es2015.symbol', 'es2015.symbol.wellknown', 'es2016.array.include', 'es2017.object', 'es2017.sharedmemory', 'es2017.string', 'es2017.intl', 'es2017.typedarrays', 'es2018.asyncgenerator', 'es2018.asynciterable', 'es2018.intl', 'es2018.promise', 'es2018.regexp', 'es2019.array', 'es2019.object', 'es2019.string', 'es2019.symbol', 'es2020.bigint', 'es2020.promise', 'es2020.sharedmemory', 'es2020.string', 'es2020.symbol.wellknown', 'es2020.intl', 'es2021.promise', 'es2021.string', 'es2021.weakref', 'es2021.intl', 'esnext.array', 'esnext.symbol', 'esnext.asynciterable', 'esnext.intl', 'esnext.bigint', 'esnext.string', 'esnext.promise', 'esnext.weakref'.
